Archive member included to satisfy reference by file (symbol)

d:/stm32cubeide/stm32cubeide/plugins/com.st.stm32cube.ide.mcu.externaltools.gnu-tools-for-stm32.7-2018-q2-update.win32_1.4.0.202007081208/tools/bin/../lib/gcc/arm-none-eabi/7.3.1/../../../../arm-none-eabi/lib/thumb/v7e-m/fpv5/hard\libc_nano.a(lib_a-errno.o)
                              Core/Src/syscalls.o (__errno)
d:/stm32cubeide/stm32cubeide/plugins/com.st.stm32cube.ide.mcu.externaltools.gnu-tools-for-stm32.7-2018-q2-update.win32_1.4.0.202007081208/tools/bin/../lib/gcc/arm-none-eabi/7.3.1/../../../../arm-none-eabi/lib/thumb/v7e-m/fpv5/hard\libc_nano.a(lib_a-exit.o)
                              d:/stm32cubeide/stm32cubeide/plugins/com.st.stm32cube.ide.mcu.externaltools.gnu-tools-for-stm32.7-2018-q2-update.win32_1.4.0.202007081208/tools/bin/../lib/gcc/arm-none-eabi/7.3.1/../../../../arm-none-eabi/lib/thumb/v7e-m/fpv5/hard/crt0.o (exit)
d:/stm32cubeide/stm32cubeide/plugins/com.st.stm32cube.ide.mcu.externaltools.gnu-tools-for-stm32.7-2018-q2-update.win32_1.4.0.202007081208/tools/bin/../lib/gcc/arm-none-eabi/7.3.1/../../../../arm-none-eabi/lib/thumb/v7e-m/fpv5/hard\libc_nano.a(lib_a-impure.o)
                              d:/stm32cubeide/stm32cubeide/plugins/com.st.stm32cube.ide.mcu.externaltools.gnu-tools-for-stm32.7-2018-q2-update.win32_1.4.0.202007081208/tools/bin/../lib/gcc/arm-none-eabi/7.3.1/../../../../arm-none-eabi/lib/thumb/v7e-m/fpv5/hard\libc_nano.a(lib_a-exit.o) (_global_impure_ptr)
d:/stm32cubeide/stm32cubeide/plugins/com.st.stm32cube.ide.mcu.externaltools.gnu-tools-for-stm32.7-2018-q2-update.win32_1.4.0.202007081208/tools/bin/../lib/gcc/arm-none-eabi/7.3.1/../../../../arm-none-eabi/lib/thumb/v7e-m/fpv5/hard\libc_nano.a(lib_a-init.o)
                              d:/stm32cubeide/stm32cubeide/plugins/com.st.stm32cube.ide.mcu.externaltools.gnu-tools-for-stm32.7-2018-q2-update.win32_1.4.0.202007081208/tools/bin/../lib/gcc/arm-none-eabi/7.3.1/../../../../arm-none-eabi/lib/thumb/v7e-m/fpv5/hard/crt0.o (__libc_init_array)
d:/stm32cubeide/stm32cubeide/plugins/com.st.stm32cube.ide.mcu.externaltools.gnu-tools-for-stm32.7-2018-q2-update.win32_1.4.0.202007081208/tools/bin/../lib/gcc/arm-none-eabi/7.3.1/../../../../arm-none-eabi/lib/thumb/v7e-m/fpv5/hard\libc_nano.a(lib_a-memset.o)
                              d:/stm32cubeide/stm32cubeide/plugins/com.st.stm32cube.ide.mcu.externaltools.gnu-tools-for-stm32.7-2018-q2-update.win32_1.4.0.202007081208/tools/bin/../lib/gcc/arm-none-eabi/7.3.1/../../../../arm-none-eabi/lib/thumb/v7e-m/fpv5/hard/crt0.o (memset)
d:/stm32cubeide/stm32cubeide/plugins/com.st.stm32cube.ide.mcu.externaltools.gnu-tools-for-stm32.7-2018-q2-update.win32_1.4.0.202007081208/tools/bin/../lib/gcc/arm-none-eabi/7.3.1/../../../../arm-none-eabi/lib/thumb/v7e-m/fpv5/hard\libc_nano.a(lib_a-printf.o)
                              APP/boot.o (printf)
d:/stm32cubeide/stm32cubeide/plugins/com.st.stm32cube.ide.mcu.externaltools.gnu-tools-for-stm32.7-2018-q2-update.win32_1.4.0.202007081208/tools/bin/../lib/gcc/arm-none-eabi/7.3.1/../../../../arm-none-eabi/lib/thumb/v7e-m/fpv5/hard\libc_nano.a(lib_a-puts.o)
                              APP/boot.o (puts)
d:/stm32cubeide/stm32cubeide/plugins/com.st.stm32cube.ide.mcu.externaltools.gnu-tools-for-stm32.7-2018-q2-update.win32_1.4.0.202007081208/tools/bin/../lib/gcc/arm-none-eabi/7.3.1/../../../../arm-none-eabi/lib/thumb/v7e-m/fpv5/hard\libc_nano.a(lib_a-wbuf.o)
                              d:/stm32cubeide/stm32cubeide/plugins/com.st.stm32cube.ide.mcu.externaltools.gnu-tools-for-stm32.7-2018-q2-update.win32_1.4.0.202007081208/tools/bin/../lib/gcc/arm-none-eabi/7.3.1/../../../../arm-none-eabi/lib/thumb/v7e-m/fpv5/hard\libc_nano.a(lib_a-puts.o) (__swbuf_r)
d:/stm32cubeide/stm32cubeide/plugins/com.st.stm32cube.ide.mcu.externaltools.gnu-tools-for-stm32.7-2018-q2-update.win32_1.4.0.202007081208/tools/bin/../lib/gcc/arm-none-eabi/7.3.1/../../../../arm-none-eabi/lib/thumb/v7e-m/fpv5/hard\libc_nano.a(lib_a-wsetup.o)
                              d:/stm32cubeide/stm32cubeide/plugins/com.st.stm32cube.ide.mcu.externaltools.gnu-tools-for-stm32.7-2018-q2-update.win32_1.4.0.202007081208/tools/bin/../lib/gcc/arm-none-eabi/7.3.1/../../../../arm-none-eabi/lib/thumb/v7e-m/fpv5/hard\libc_nano.a(lib_a-puts.o) (__swsetup_r)
d:/stm32cubeide/stm32cubeide/plugins/com.st.stm32cube.ide.mcu.externaltools.gnu-tools-for-stm32.7-2018-q2-update.win32_1.4.0.202007081208/tools/bin/../lib/gcc/arm-none-eabi/7.3.1/../../../../arm-none-eabi/lib/thumb/v7e-m/fpv5/hard\libc_nano.a(lib_a-fflush.o)
                              d:/stm32cubeide/stm32cubeide/plugins/com.st.stm32cube.ide.mcu.externaltools.gnu-tools-for-stm32.7-2018-q2-update.win32_1.4.0.202007081208/tools/bin/../lib/gcc/arm-none-eabi/7.3.1/../../../../arm-none-eabi/lib/thumb/v7e-m/fpv5/hard\libc_nano.a(lib_a-wbuf.o) (_fflush_r)
[...]
Memory Configuration

Name             Origin             Length             Attributes
DTCMRAM          0x0000000020000000 0x0000000000020000 xrw
ITCMRAM          0x0000000000000000 0x0000000000010000 xrw
RAM_D1           0x0000000024000000 0x0000000000080000 xrw
RAM_D2           0x0000000030000000 0x0000000000048000 xrw
RAM_D3           0x0000000038000000 0x0000000000010000 xrw
FLASH            0x0000000008000000 0x0000000000020000 xr
*default*        0x0000000000000000 0xffffffffffffffff

Linker script and memory map

LOAD d:/stm32cubeide/stm32cubeide/plugins/com.st.stm32cube.ide.mcu.externaltools.gnu-tools-for-stm32.7-2018-q2-update.win32_1.4.0.202007081208/tools/bin/../lib/gcc/arm-none-eabi/7.3.1/thumb/v7e-m/fpv5/hard/crti.o
LOAD d:/stm32cubeide/stm32cubeide/plugins/com.st.stm32cube.ide.mcu.externaltools.gnu-tools-for-stm32.7-2018-q2-update.win32_1.4.0.202007081208/tools/bin/../lib/gcc/arm-none-eabi/7.3.1/thumb/v7e-m/fpv5/hard/crtbegin.o
LOAD d:/stm32cubeide/stm32cubeide/plugins/com.st.stm32cube.ide.mcu.externaltools.gnu-tools-for-stm32.7-2018-q2-update.win32_1.4.0.202007081208/tools/bin/../lib/gcc/arm-none-eabi/7.3.1/../../../../arm-none-eabi/lib/thumb/v7e-m/fpv5/hard/crt0.o
LOAD APP/boot.o
LOAD Core/Src/gpio.o
LOAD Core/Src/main.o
LOAD Core/Src/quadspi.o
LOAD Core/Src/stm32h7xx_hal_msp.o
LOAD Core/Src/stm32h7xx_it.o
LOAD Core/Src/syscalls.o
LOAD Core/Src/sysmem.o
LOAD Core/Src/system_stm32h7xx.o
LOAD Core/Src/usart.o
LOAD Core/Startup/startup_stm32h750xbhx.o
LOAD Drivers/BSP/w25qxx.o
LOAD Drivers/STM32H7xx_HAL_Driver/Src/stm32h7xx_hal.o
LOAD Drivers/STM32H7xx_HAL_Driver/Src/stm32h7xx_hal_cortex.o
LOAD Drivers/STM32H7xx_HAL_Driver/Src/stm32h7xx_hal_dma.o
LOAD Drivers/STM32H7xx_HAL_Driver/Src/stm32h7xx_hal_dma_ex.o
LOAD Drivers/STM32H7xx_HAL_Driver/Src/stm32h7xx_hal_exti.o
LOAD Drivers/STM32H7xx_HAL_Driver/Src/stm32h7xx_hal_flash.o
LOAD Drivers/STM32H7xx_HAL_Driver/Src/stm32h7xx_hal_flash_ex.o
LOAD Drivers/STM32H7xx_HAL_Driver/Src/stm32h7xx_hal_gpio.o
LOAD Drivers/STM32H7xx_HAL_Driver/Src/stm32h7xx_hal_hsem.o
LOAD Drivers/STM32H7xx_HAL_Driver/Src/stm32h7xx_hal_i2c.o
LOAD Drivers/STM32H7xx_HAL_Driver/Src/stm32h7xx_hal_i2c_ex.o
LOAD Drivers/STM32H7xx_HAL_Driver/Src/stm32h7xx_hal_mdma.o
LOAD Drivers/STM32H7xx_HAL_Driver/Src/stm32h7xx_hal_pwr.o
LOAD Drivers/STM32H7xx_HAL_Driver/Src/stm32h7xx_hal_pwr_ex.o
LOAD Drivers/STM32H7xx_HAL_Driver/Src/stm32h7xx_hal_qspi.o
LOAD Drivers/STM32H7xx_HAL_Driver/Src/stm32h7xx_hal_rcc.o
LOAD Drivers/STM32H7xx_HAL_Driver/Src/stm32h7xx_hal_rcc_ex.o
LOAD Drivers/STM32H7xx_HAL_Driver/Src/stm32h7xx_hal_tim.o
LOAD Drivers/STM32H7xx_HAL_Driver/Src/stm32h7xx_hal_tim_ex.o
LOAD Drivers/STM32H7xx_HAL_Driver/Src/stm32h7xx_hal_uart.o
LOAD Drivers/STM32H7xx_HAL_Driver/Src/stm32h7xx_hal_uart_ex.o
START GROUP
LOAD d:/stm32cubeide/stm32cubeide/plugins/com.st.stm32cube.ide.mcu.externaltools.gnu-tools-for-stm32.7-2018-q2-update.win32_1.4.0.202007081208/tools/bin/../lib/gcc/arm-none-eabi/7.3.1/../../../../arm-none-eabi/lib/thumb/v7e-m/fpv5/hard\libc_nano.a
LOAD d:/stm32cubeide/stm32cubeide/plugins/com.st.stm32cube.ide.mcu.externaltools.gnu-tools-for-stm32.7-2018-q2-update.win32_1.4.0.202007081208/tools/bin/../lib/gcc/arm-none-eabi/7.3.1/../../../../arm-none-eabi/lib/thumb/v7e-m/fpv5/hard\libm.a
END GROUP
START GROUP
LOAD d:/stm32cubeide/stm32cubeide/plugins/com.st.stm32cube.ide.mcu.externaltools.gnu-tools-for-stm32.7-2018-q2-update.win32_1.4.0.202007081208/tools/bin/../lib/gcc/arm-none-eabi/7.3.1/thumb/v7e-m/fpv5/hard\libgcc.a
LOAD d:/stm32cubeide/stm32cubeide/plugins/com.st.stm32cube.ide.mcu.externaltools.gnu-tools-for-stm32.7-2018-q2-update.win32_1.4.0.202007081208/tools/bin/../lib/gcc/arm-none-eabi/7.3.1/../../../../arm-none-eabi/lib/thumb/v7e-m/fpv5/hard\libc_nano.a
END GROUP
START GROUP
LOAD d:/stm32cubeide/stm32cubeide/plugins/com.st.stm32cube.ide.mcu.externaltools.gnu-tools-for-stm32.7-2018-q2-update.win32_1.4.0.202007081208/tools/bin/../lib/gcc/arm-none-eabi/7.3.1/thumb/v7e-m/fpv5/hard\libgcc.a
LOAD d:/stm32cubeide/stm32cubeide/plugins/com.st.stm32cube.ide.mcu.externaltools.gnu-tools-for-stm32.7-2018-q2-update.win32_1.4.0.202007081208/tools/bin/../lib/gcc/arm-none-eabi/7.3.1/../../../../arm-none-eabi/lib/thumb/v7e-m/fpv5/hard\libc_nano.a
LOAD d:/stm32cubeide/stm32cubeide/plugins/com.st.stm32cube.ide.mcu.externaltools.gnu-tools-for-stm32.7-2018-q2-update.win32_1.4.0.202007081208/tools/bin/../lib/gcc/arm-none-eabi/7.3.1/../../../../arm-none-eabi/lib/thumb/v7e-m/fpv5/hard\libnosys.a
END GROUP
START GROUP
LOAD d:/stm32cubeide/stm32cubeide/plugins/com.st.stm32cube.ide.mcu.externaltools.gnu-tools-for-stm32.7-2018-q2-update.win32_1.4.0.202007081208/tools/bin/../lib/gcc/arm-none-eabi/7.3.1/thumb/v7e-m/fpv5/hard\libgcc.a
LOAD d:/stm32cubeide/stm32cubeide/plugins/com.st.stm32cube.ide.mcu.externaltools.gnu-tools-for-stm32.7-2018-q2-update.win32_1.4.0.202007081208/tools/bin/../lib/gcc/arm-none-eabi/7.3.1/../../../../arm-none-eabi/lib/thumb/v7e-m/fpv5/hard\libc_nano.a
LOAD d:/stm32cubeide/stm32cubeide/plugins/com.st.stm32cube.ide.mcu.externaltools.gnu-tools-for-stm32.7-2018-q2-update.win32_1.4.0.202007081208/tools/bin/../lib/gcc/arm-none-eabi/7.3.1/../../../../arm-none-eabi/lib/thumb/v7e-m/fpv5/hard\libnosys.a
END GROUP
LOAD d:/stm32cubeide/stm32cubeide/plugins/com.st.stm32cube.ide.mcu.externaltools.gnu-tools-for-stm32.7-2018-q2-update.win32_1.4.0.202007081208/tools/bin/../lib/gcc/arm-none-eabi/7.3.1/thumb/v7e-m/fpv5/hard/crtend.o
LOAD d:/stm32cubeide/stm32cubeide/plugins/com.st.stm32cube.ide.mcu.externaltools.gnu-tools-for-stm32.7-2018-q2-update.win32_1.4.0.202007081208/tools/bin/../lib/gcc/arm-none-eabi/7.3.1/thumb/v7e-m/fpv5/hard/crtn.o
                0x0000000024080000                _estack = (ORIGIN (RAM_D1) + LENGTH (RAM_D1))
                0x0000000000000200                _Min_Heap_Size = 0x200
                0x0000000000000400                _Min_Stack_Size = 0x400

.isr_vector     0x0000000008000000      0x298
                0x0000000008000000                . = ALIGN (0x4)
 *(.isr_vector)
 .isr_vector    0x0000000008000000      0x298 Core/Startup/startup_stm32h750xbhx.o
                0x0000000008000000                g_pfnVectors
                0x0000000008000298                . = ALIGN (0x4)

.text           0x00000000080002a0     0x6750
                0x00000000080002a0                . = ALIGN (0x4)
 *(.text)
 .text          0x00000000080002a0       0x40 d:/stm32cubeide/stm32cubeide/plugins/com.st.stm32cube.ide.mcu.externaltools.gnu-tools-for-stm32.7-2018-q2-update.win32_1.4.0.202007081208/tools/bin/../lib/gcc/arm-none-eabi/7.3.1/thumb/v7e-m/fpv5/hard/crtbegin.o
 .text          0x00000000080002e0       0xa0 d:/stm32cubeide/stm32cubeide/plugins/com.st.stm32cube.ide.mcu.externaltools.gnu-tools-for-stm32.7-2018-q2-update.win32_1.4.0.202007081208/tools/bin/../lib/gcc/arm-none-eabi/7.3.1/../../../../arm-none-eabi/lib/thumb/v7e-m/fpv5/hard\libc_nano.a(lib_a-memchr.o)
                0x00000000080002e0                memchr
 .text          0x0000000008000380       0x30 d:/stm32cubeide/stm32cubeide/plugins/com.st.stm32cube.ide.mcu.externaltools.gnu-tools-for-stm32.7-2018-q2-update.win32_1.4.0.202007081208/tools/bin/../lib/gcc/arm-none-eabi/7.3.1/thumb/v7e-m/fpv5/hard\libgcc.a(_aeabi_uldivmod.o)
                0x0000000008000380                __aeabi_uldivmod
 .text          0x00000000080003b0      0x2cc d:/stm32cubeide/stm32cubeide/plugins/com.st.stm32cube.ide.mcu.externaltools.gnu-tools-for-stm32.7-2018-q2-update.win32_1.4.0.202007081208/tools/bin/../lib/gcc/arm-none-eabi/7.3.1/thumb/v7e-m/fpv5/hard\libgcc.a(_udivmoddi4.o)
                0x00000000080003b0                __udivmoddi4
 .text          0x000000000800067c        0x4 d:/stm32cubeide/stm32cubeide/plugins/com.st.stm32cube.ide.mcu.externaltools.gnu-tools-for-stm32.7-2018-q2-update.win32_1.4.0.202007081208/tools/bin/../lib/gcc/arm-none-eabi/7.3.1/thumb/v7e-m/fpv5/hard\libgcc.a(_dvmd_tls.o)
                0x000000000800067c                __aeabi_idiv0
                0x000000000800067c                __aeabi_ldiv0
 *(.text*)
 .text.boot_entry
                0x0000000008000680       0x5c APP/boot.o
                0x0000000008000680                boot_entry
 .text.MX_GPIO_Init
                0x00000000080006dc       0xac Core/Src/gpio.o
                0x00000000080006dc                MX_GPIO_Init
 .text.main     0x0000000008000788       0x1e Core/Src/main.o
                0x0000000008000788                main
 *fill*         0x00000000080007a6        0x2 
 .text.SystemClock_Config
                0x00000000080007a8      0x16c Core/Src/main.o
                0x00000000080007a8                SystemClock_Config
 .text.__io_putchar
                0x0000000008000914       0x24 Core/Src/main.o
                0x0000000008000914                __io_putchar
 .text.Error_Handler
                0x0000000008000938        0xe Core/Src/main.o
                0x0000000008000938                Error_Handler
 *fill*         0x0000000008000946        0x2 
 .text.MX_QUADSPI_Init
                0x0000000008000948       0x58 Core/Src/quadspi.o
                0x0000000008000948                MX_QUADSPI_Init
 .text.HAL_QSPI_MspInit
                0x00000000080009a0       0xf8 Core/Src/quadspi.o
                0x00000000080009a0                HAL_QSPI_MspInit
 .text.HAL_MspInit
                0x0000000008000a98       0x34 Core/Src/stm32h7xx_hal_msp.o
                0x0000000008000a98                HAL_MspInit
 .text.NMI_Handler
                0x0000000008000acc        0xe Core/Src/stm32h7xx_it.o
                0x0000000008000acc                NMI_Handler
 .text.HardFault_Handler
                0x0000000008000ada        0x6 Core/Src/stm32h7xx_it.o
                0x0000000008000ada                HardFault_Handler
 .text.MemManage_Handler
                0x0000000008000ae0        0x6 Core/Src/stm32h7xx_it.o
                0x0000000008000ae0                MemManage_Handler
 .text.BusFault_Handler
                0x0000000008000ae6        0x6 Core/Src/stm32h7xx_it.o
                0x0000000008000ae6                BusFault_Handler
 .text.UsageFault_Handler
                0x0000000008000aec        0x6 Core/Src/stm32h7xx_it.o
                0x0000000008000aec                UsageFault_Handler
 .text.SVC_Handler
                0x0000000008000af2        0xe Core/Src/stm32h7xx_it.o
                0x0000000008000af2                SVC_Handler
 .text.DebugMon_Handler
                0x0000000008000b00        0xe Core/Src/stm32h7xx_it.o
                0x0000000008000b00                DebugMon_Handler
 .text.PendSV_Handler
                0x0000000008000b0e        0xe Core/Src/stm32h7xx_it.o
                0x0000000008000b0e                PendSV_Handler
 .text.SysTick_Handler
                0x0000000008000b1c        0xc Core/Src/stm32h7xx_it.o
                0x0000000008000b1c                SysTick_Handler
 .text._read    0x0000000008000b28       0x3a Core/Src/syscalls.o
                0x0000000008000b28                _read
 .text._write   0x0000000008000b62       0x38 Core/Src/syscalls.o
                0x0000000008000b62                _write
 .text._close   0x0000000008000b9a       0x18 Core/Src/syscalls.o
                0x0000000008000b9a                _close
 .text._fstat   0x0000000008000bb2       0x20 Core/Src/syscalls.o
                0x0000000008000bb2                _fstat
 .text._isatty  0x0000000008000bd2       0x16 Core/Src/syscalls.o
                0x0000000008000bd2                _isatty
 .text._lseek   0x0000000008000be8       0x1a Core/Src/syscalls.o
                0x0000000008000be8                _lseek
 *fill*         0x0000000008000c02        0x2 
 .text._sbrk    0x0000000008000c04       0x6c Core/Src/sysmem.o
                0x0000000008000c04                _sbrk
 .text.SystemInit
                0x0000000008000c70      0x118 Core/Src/system_stm32h7xx.o
                0x0000000008000c70                SystemInit
 .text.MX_UART4_Init
                0x0000000008000d88       0x98 Core/Src/usart.o
                0x0000000008000d88                MX_UART4_Init
 .text.HAL_UART_MspInit
                0x0000000008000e20       0xd8 Core/Src/usart.o
                0x0000000008000e20                HAL_UART_MspInit
 .text.Reset_Handler
                0x0000000008000ef8       0x50 Core/Startup/startup_stm32h750xbhx.o
                0x0000000008000ef8                Reset_Handler
 .text.Default_Handler
                0x0000000008000f48        0x2 Core/Startup/startup_stm32h750xbhx.o
                0x0000000008000f48                RTC_Alarm_IRQHandler
                0x0000000008000f48                HASH_RNG_IRQHandler
                0x0000000008000f48                EXTI2_IRQHandler
                0x0000000008000f48                TIM8_CC_IRQHandler
                0x0000000008000f48                HRTIM1_Master_IRQHandler
                0x0000000008000f48                UART8_IRQHandler
                0x0000000008000f48                SPI4_IRQHandler
                0x0000000008000f48                TIM1_CC_IRQHandler
                0x0000000008000f48                BDMA_Channel6_IRQHandler
                0x0000000008000f48                DMA2_Stream5_IRQHandler
                0x0000000008000f48                HRTIM1_FLT_IRQHandler
                0x0000000008000f48                JPEG_IRQHandler
                0x0000000008000f48                DMA1_Stream5_IRQHandler
                0x0000000008000f48                BDMA_Channel1_IRQHandler
                0x0000000008000f48                HRTIM1_TIMD_IRQHandler
                0x0000000008000f48                TAMP_STAMP_IRQHandler
                0x0000000008000f48                EXTI3_IRQHandler
                0x0000000008000f48                LPTIM4_IRQHandler
                0x0000000008000f48                TIM8_TRG_COM_TIM14_IRQHandler
                0x0000000008000f48                LPTIM2_IRQHandler
                0x0000000008000f48                DFSDM1_FLT1_IRQHandler
                0x0000000008000f48                DMAMUX2_OVR_IRQHandler
                0x0000000008000f48                TIM8_UP_TIM13_IRQHandler
                0x0000000008000f48                I2C3_ER_IRQHandler
                0x0000000008000f48                DFSDM1_FLT2_IRQHandler
                0x0000000008000f48                MDMA_IRQHandler
                0x0000000008000f48                LPTIM3_IRQHandler
                0x0000000008000f48                HSEM1_IRQHandler
                0x0000000008000f48                EXTI0_IRQHandler
                0x0000000008000f48                I2C2_EV_IRQHandler
                0x0000000008000f48                DMA1_Stream2_IRQHandler
                0x0000000008000f48                FPU_IRQHandler
                0x0000000008000f48                OTG_HS_WKUP_IRQHandler
                0x0000000008000f48                FDCAN1_IT1_IRQHandler
                0x0000000008000f48                LTDC_ER_IRQHandler
                0x0000000008000f48                DMA2_Stream2_IRQHandler
                0x0000000008000f48                HRTIM1_TIME_IRQHandler
                0x0000000008000f48                SPI1_IRQHandler
                0x0000000008000f48                TIM6_DAC_IRQHandler
                0x0000000008000f48                DCMI_IRQHandler
                0x0000000008000f48                HRTIM1_TIMC_IRQHandler
                0x0000000008000f48                DMA2_Stream3_IRQHandler
                0x0000000008000f48                SAI2_IRQHandler
                0x0000000008000f48                DFSDM1_FLT3_IRQHandler
                0x0000000008000f48                USART6_IRQHandler
                0x0000000008000f48                TIM17_IRQHandler
                0x0000000008000f48                USART3_IRQHandler
                0x0000000008000f48                BDMA_Channel7_IRQHandler
                0x0000000008000f48                CRYP_IRQHandler
                0x0000000008000f48                LPTIM5_IRQHandler
                0x0000000008000f48                UART5_IRQHandler
                0x0000000008000f48                ADC3_IRQHandler
                0x0000000008000f48                DMA2_Stream0_IRQHandler
                0x0000000008000f48                TIM4_IRQHandler
                0x0000000008000f48                BDMA_Channel2_IRQHandler
                0x0000000008000f48                QUADSPI_IRQHandler
                0x0000000008000f48                I2C1_EV_IRQHandler
                0x0000000008000f48                DMA1_Stream6_IRQHandler
                0x0000000008000f48                DMAMUX1_OVR_IRQHandler
                0x0000000008000f48                DMA1_Stream1_IRQHandler
                0x0000000008000f48                TIM16_IRQHandler
                0x0000000008000f48                UART4_IRQHandler
                0x0000000008000f48                BDMA_Channel5_IRQHandler
                0x0000000008000f48                TIM3_IRQHandler
                0x0000000008000f48                RCC_IRQHandler
                0x0000000008000f48                TIM8_BRK_TIM12_IRQHandler
                0x0000000008000f48                TIM1_TRG_COM_IRQHandler
                0x0000000008000f48                Default_Handler
                0x0000000008000f48                ECC_IRQHandler
                0x0000000008000f48                CEC_IRQHandler
                0x0000000008000f48                EXTI15_10_IRQHandler
                0x0000000008000f48                BDMA_Channel0_IRQHandler
                0x0000000008000f48                ADC_IRQHandler
                0x0000000008000f48                DMA1_Stream7_IRQHandler
                0x0000000008000f48                HRTIM1_TIMA_IRQHandler
                0x0000000008000f48                SPI5_IRQHandler
                0x0000000008000f48                TIM7_IRQHandler
                0x0000000008000f48                SDMMC1_IRQHandler
                0x0000000008000f48                TIM5_IRQHandler
                0x0000000008000f48                DMA2_Stream7_IRQHandler
                0x0000000008000f48                TIM15_IRQHandler
                0x0000000008000f48                PVD_AVD_IRQHandler
                0x0000000008000f48                I2C3_EV_IRQHandler
                0x0000000008000f48                EXTI9_5_IRQHandler
                0x0000000008000f48                RTC_WKUP_IRQHandler
                0x0000000008000f48                LTDC_IRQHandler
                0x0000000008000f48                SAI3_IRQHandler
                0x0000000008000f48                ETH_WKUP_IRQHandler
                0x0000000008000f48                SPDIF_RX_IRQHandler
                0x0000000008000f48                SPI2_IRQHandler
                0x0000000008000f48                OTG_HS_EP1_IN_IRQHandler
                0x0000000008000f48                DMA1_Stream0_IRQHandler
                0x0000000008000f48                CRS_IRQHandler
                0x0000000008000f48                EXTI4_IRQHandler
                0x0000000008000f48                HRTIM1_TIMB_IRQHandler
                0x0000000008000f48                FDCAN2_IT1_IRQHandler
                0x0000000008000f48                ETH_IRQHandler
                0x0000000008000f48                TIM1_UP_IRQHandler
                0x0000000008000f48                BDMA_Channel4_IRQHandler
                0x0000000008000f48                OTG_HS_EP1_OUT_IRQHandler
                0x0000000008000f48                WWDG_IRQHandler
                0x0000000008000f48                SPI6_IRQHandler
                0x0000000008000f48                MDIOS_IRQHandler
                0x0000000008000f48                I2C4_EV_IRQHandler
                0x0000000008000f48                FDCAN2_IT0_IRQHandler
                0x0000000008000f48                LPUART1_IRQHandler
                0x0000000008000f48                FDCAN1_IT0_IRQHandler
                0x0000000008000f48                TIM2_IRQHandler
                0x0000000008000f48                OTG_FS_WKUP_IRQHandler
                0x0000000008000f48                OTG_HS_IRQHandler
                0x0000000008000f48                DMA2D_IRQHandler
                0x0000000008000f48                TIM1_BRK_IRQHandler
                0x0000000008000f48                EXTI1_IRQHandler
                0x0000000008000f48                SDMMC2_IRQHandler
                0x0000000008000f48                OTG_FS_EP1_OUT_IRQHandler
                0x0000000008000f48                BDMA_Channel3_IRQHandler
                0x0000000008000f48                UART7_IRQHandler
                0x0000000008000f48                MDIOS_WKUP_IRQHandler
                0x0000000008000f48                USART2_IRQHandler
                0x0000000008000f48                DFSDM1_FLT0_IRQHandler
                0x0000000008000f48                SAI4_IRQHandler
                0x0000000008000f48                I2C2_ER_IRQHandler
                0x0000000008000f48                DMA2_Stream1_IRQHandler
                0x0000000008000f48                FLASH_IRQHandler
                0x0000000008000f48                DMA2_Stream4_IRQHandler
                0x0000000008000f48                USART1_IRQHandler
                0x0000000008000f48                OTG_FS_IRQHandler
                0x0000000008000f48                SPI3_IRQHandler
                0x0000000008000f48                WAKEUP_PIN_IRQHandler
                0x0000000008000f48                DMA1_Stream4_IRQHandler
                0x0000000008000f48                OTG_FS_EP1_IN_IRQHandler
                0x0000000008000f48                I2C1_ER_IRQHandler
                0x0000000008000f48                FMC_IRQHandler
                0x0000000008000f48                FDCAN_CAL_IRQHandler
                0x0000000008000f48                SWPMI1_IRQHandler
                0x0000000008000f48                COMP1_IRQHandler
                0x0000000008000f48                LPTIM1_IRQHandler
                0x0000000008000f48                I2C4_ER_IRQHandler
                0x0000000008000f48                DMA2_Stream6_IRQHandler
                0x0000000008000f48                SAI1_IRQHandler
                0x0000000008000f48                DMA1_Stream3_IRQHandler
 .text.W25QXX_Init
                0x0000000008000f4a       0x14 Drivers/BSP/w25qxx.o
                0x0000000008000f4a                W25QXX_Init
 *fill*         0x0000000008000f5e        0x2 
 .text.W25QXX_ExitQPIMode
                0x0000000008000f60       0x64 Drivers/BSP/w25qxx.o
                0x0000000008000f60                W25QXX_ExitQPIMode
 .text.W25QXX_EnterQPIMode
                0x0000000008000fc4       0xdc Drivers/BSP/w25qxx.o
                0x0000000008000fc4                W25QXX_EnterQPIMode
 .text.W25QXX_ReadSR
                0x00000000080010a0       0xbc Drivers/BSP/w25qxx.o
                0x00000000080010a0                W25QXX_ReadSR
 .text.W25QXX_WriteSR
                0x000000000800115c       0xb8 Drivers/BSP/w25qxx.o
                0x000000000800115c                W25QXX_WriteSR
 .text.W25QXX_WriteEnable
                0x0000000008001214       0x80 Drivers/BSP/w25qxx.o
                0x0000000008001214                W25QXX_WriteEnable
 .text.W25QXX_MftrDeviceID
                0x0000000008001294       0xbc Drivers/BSP/w25qxx.o
                0x0000000008001294                W25QXX_MftrDeviceID
 .text.W25QXX_WaitBusy
                0x0000000008001350       0x1a Drivers/BSP/w25qxx.o
                0x0000000008001350                W25QXX_WaitBusy
 *fill*         0x000000000800136a        0x2 
 .text.W25QXX_Reset
                0x000000000800136c       0x88 Drivers/BSP/w25qxx.o
                0x000000000800136c                W25QXX_Reset
 .text.W25Q_Memory_Mapped_Enable
                0x00000000080013f4       0x58 Drivers/BSP/w25qxx.o
                0x00000000080013f4                W25Q_Memory_Mapped_Enable
 .text.HAL_Init
                0x000000000800144c       0x78 Drivers/STM32H7xx_HAL_Driver/Src/stm32h7xx_hal.o
                0x000000000800144c                HAL_Init
 .text.HAL_InitTick
                0x00000000080014c4       0x6c Drivers/STM32H7xx_HAL_Driver/Src/stm32h7xx_hal.o
                0x00000000080014c4                HAL_InitTick
 .text.HAL_IncTick
                0x0000000008001530       0x28 Drivers/STM32H7xx_HAL_Driver/Src/stm32h7xx_hal.o
                0x0000000008001530                HAL_IncTick
 .text.HAL_GetTick
                0x0000000008001558       0x18 Drivers/STM32H7xx_HAL_Driver/Src/stm32h7xx_hal.o
                0x0000000008001558                HAL_GetTick
 .text.HAL_GetREVID
                0x0000000008001570       0x18 Drivers/STM32H7xx_HAL_Driver/Src/stm32h7xx_hal.o
                0x0000000008001570                HAL_GetREVID
 .text.__NVIC_SetPriorityGrouping
                0x0000000008001588       0x48 Drivers/STM32H7xx_HAL_Driver/Src/stm32h7xx_hal_cortex.o
 .text.__NVIC_GetPriorityGrouping
                0x00000000080015d0       0x1c Drivers/STM32H7xx_HAL_Driver/Src/stm32h7xx_hal_cortex.o
 .text.__NVIC_SetPriority
                0x00000000080015ec       0x54 Drivers/STM32H7xx_HAL_Driver/Src/stm32h7xx_hal_cortex.o
 .text.NVIC_EncodePriority
                0x0000000008001640       0x66 Drivers/STM32H7xx_HAL_Driver/Src/stm32h7xx_hal_cortex.o
 *fill*         0x00000000080016a6        0x2 
 .text.SysTick_Config
                0x00000000080016a8       0x44 Drivers/STM32H7xx_HAL_Driver/Src/stm32h7xx_hal_cortex.o
 .text.HAL_NVIC_SetPriorityGrouping
                0x00000000080016ec       0x16 Drivers/STM32H7xx_HAL_Driver/Src/stm32h7xx_hal_cortex.o
                0x00000000080016ec                HAL_NVIC_SetPriorityGrouping
 .text.HAL_NVIC_SetPriority
                0x0000000008001702       0x34 Drivers/STM32H7xx_HAL_Driver/Src/stm32h7xx_hal_cortex.o
                0x0000000008001702                HAL_NVIC_SetPriority
 .text.HAL_SYSTICK_Config
                0x0000000008001736       0x18 Drivers/STM32H7xx_HAL_Driver/Src/stm32h7xx_hal_cortex.o
                0x0000000008001736                HAL_SYSTICK_Config
 *fill*         0x000000000800174e        0x2 
 .text.HAL_GPIO_Init
                0x0000000008001750      0x360 Drivers/STM32H7xx_HAL_Driver/Src/stm32h7xx_hal_gpio.o
                0x0000000008001750                HAL_GPIO_Init
 .text.HAL_PWREx_ConfigSupply
                0x0000000008001ab0       0x74 Drivers/STM32H7xx_HAL_Driver/Src/stm32h7xx_hal_pwr_ex.o
                0x0000000008001ab0                HAL_PWREx_ConfigSupply
 .text.HAL_QSPI_Init
                0x0000000008001b24       0xe8 Drivers/STM32H7xx_HAL_Driver/Src/stm32h7xx_hal_qspi.o
                0x0000000008001b24                HAL_QSPI_Init
 .text.HAL_QSPI_Command
                0x0000000008001c0c       0xbc Drivers/STM32H7xx_HAL_Driver/Src/stm32h7xx_hal_qspi.o
                0x0000000008001c0c                HAL_QSPI_Command
 .text.HAL_QSPI_Transmit
                0x0000000008001cc8      0x124 Drivers/STM32H7xx_HAL_Driver/Src/stm32h7xx_hal_qspi.o
                0x0000000008001cc8                HAL_QSPI_Transmit
 .text.HAL_QSPI_Receive
                0x0000000008001dec      0x13a Drivers/STM32H7xx_HAL_Driver/Src/stm32h7xx_hal_qspi.o
                0x0000000008001dec                HAL_QSPI_Receive
 .text.HAL_QSPI_MemoryMapped
                0x0000000008001f26       0xc4 Drivers/STM32H7xx_HAL_Driver/Src/stm32h7xx_hal_qspi.o
                0x0000000008001f26                HAL_QSPI_MemoryMapped
 .text.HAL_QSPI_SetTimeout
                0x0000000008001fea       0x1c Drivers/STM32H7xx_HAL_Driver/Src/stm32h7xx_hal_qspi.o
                0x0000000008001fea                HAL_QSPI_SetTimeout
 .text.QSPI_WaitFlagStateUntilTimeout
                0x0000000008002006       0x6e Drivers/STM32H7xx_HAL_Driver/Src/stm32h7xx_hal_qspi.o
 .text.QSPI_Config
                0x0000000008002074      0x30c Drivers/STM32H7xx_HAL_Driver/Src/stm32h7xx_hal_qspi.o
 .text.HAL_RCC_OscConfig
                0x0000000008002380      0x820 Drivers/STM32H7xx_HAL_Driver/Src/stm32h7xx_hal_rcc.o
                0x0000000008002380                HAL_RCC_OscConfig
 .text.HAL_RCC_ClockConfig
                0x0000000008002ba0      0x36c Drivers/STM32H7xx_HAL_Driver/Src/stm32h7xx_hal_rcc.o
                0x0000000008002ba0                HAL_RCC_ClockConfig
 .text.HAL_RCC_GetSysClockFreq
                0x0000000008002f0c      0x2e4 Drivers/STM32H7xx_HAL_Driver/Src/stm32h7xx_hal_rcc.o
                0x0000000008002f0c                HAL_RCC_GetSysClockFreq
 .text.HAL_RCC_GetHCLKFreq
                0x00000000080031f0       0x60 Drivers/STM32H7xx_HAL_Driver/Src/stm32h7xx_hal_rcc.o
                0x00000000080031f0                HAL_RCC_GetHCLKFreq
 .text.HAL_RCC_GetPCLK1Freq
                0x0000000008003250       0x2c Drivers/STM32H7xx_HAL_Driver/Src/stm32h7xx_hal_rcc.o
                0x0000000008003250                HAL_RCC_GetPCLK1Freq
 .text.HAL_RCC_GetPCLK2Freq
                0x000000000800327c       0x2c Drivers/STM32H7xx_HAL_Driver/Src/stm32h7xx_hal_rcc.o
                0x000000000800327c                HAL_RCC_GetPCLK2Freq
 .text.HAL_RCCEx_PeriphCLKConfig
                0x00000000080032a8      0xddc Drivers/STM32H7xx_HAL_Driver/Src/stm32h7xx_hal_rcc_ex.o
                0x00000000080032a8                HAL_RCCEx_PeriphCLKConfig
 .text.HAL_RCCEx_GetD3PCLK1Freq
                0x0000000008004084       0x2c Drivers/STM32H7xx_HAL_Driver/Src/stm32h7xx_hal_rcc_ex.o
                0x0000000008004084                HAL_RCCEx_GetD3PCLK1Freq
 .text.HAL_RCCEx_GetPLL2ClockFreq
                0x00000000080040b0      0x298 Drivers/STM32H7xx_HAL_Driver/Src/stm32h7xx_hal_rcc_ex.o
                0x00000000080040b0                HAL_RCCEx_GetPLL2ClockFreq
 .text.HAL_RCCEx_GetPLL3ClockFreq
                0x0000000008004348      0x298 Drivers/STM32H7xx_HAL_Driver/Src/stm32h7xx_hal_rcc_ex.o
                0x0000000008004348                HAL_RCCEx_GetPLL3ClockFreq
 .text.RCCEx_PLL2_Config
                0x00000000080045e0      0x164 Drivers/STM32H7xx_HAL_Driver/Src/stm32h7xx_hal_rcc_ex.o
 .text.RCCEx_PLL3_Config
                0x0000000008004744      0x164 Drivers/STM32H7xx_HAL_Driver/Src/stm32h7xx_hal_rcc_ex.o
 .text.HAL_UART_Init
                0x00000000080048a8       0xa0 Drivers/STM32H7xx_HAL_Driver/Src/stm32h7xx_hal_uart.o
                0x00000000080048a8                HAL_UART_Init
 .text.HAL_UART_Transmit
                0x0000000008004948      0x12c Drivers/STM32H7xx_HAL_Driver/Src/stm32h7xx_hal_uart.o
                0x0000000008004948                HAL_UART_Transmit
 .text.UART_SetConfig
                0x0000000008004a74      0xb60 Drivers/STM32H7xx_HAL_Driver/Src/stm32h7xx_hal_uart.o
                0x0000000008004a74                UART_SetConfig
 .text.UART_AdvFeatureConfig
                0x00000000080055d4      0x144 Drivers/STM32H7xx_HAL_Driver/Src/stm32h7xx_hal_uart.o
                0x00000000080055d4                UART_AdvFeatureConfig
 .text.UART_CheckIdleState
                0x0000000008005718       0x90 Drivers/STM32H7xx_HAL_Driver/Src/stm32h7xx_hal_uart.o
                0x0000000008005718                UART_CheckIdleState
 .text.UART_WaitOnFlagUntilTimeout
                0x00000000080057a8      0x100 Drivers/STM32H7xx_HAL_Driver/Src/stm32h7xx_hal_uart.o
                0x00000000080057a8                UART_WaitOnFlagUntilTimeout
 .text.HAL_UARTEx_DisableFifoMode
                0x00000000080058a8       0x72 Drivers/STM32H7xx_HAL_Driver/Src/stm32h7xx_hal_uart_ex.o
                0x00000000080058a8                HAL_UARTEx_DisableFifoMode
 .text.HAL_UARTEx_SetTxFifoThreshold
                0x000000000800591a       0x7c Drivers/STM32H7xx_HAL_Driver/Src/stm32h7xx_hal_uart_ex.o
                0x000000000800591a                HAL_UARTEx_SetTxFifoThreshold
 .text.HAL_UARTEx_SetRxFifoThreshold
                0x0000000008005996       0x7c Drivers/STM32H7xx_HAL_Driver/Src/stm32h7xx_hal_uart_ex.o
                0x0000000008005996                HAL_UARTEx_SetRxFifoThreshold
 *fill*         0x0000000008005a12        0x2 
 .text.UARTEx_SetNbDataToProcess
                0x0000000008005a14       0xd0 Drivers/STM32H7xx_HAL_Driver/Src/stm32h7xx_hal_uart_ex.o
 .text.__errno  0x0000000008005ae4        0xc d:/stm32cubeide/stm32cubeide/plugins/com.st.stm32cube.ide.mcu.externaltools.gnu-tools-for-stm32.7-2018-q2-update.win32_1.4.0.202007081208/tools/bin/../lib/gcc/arm-none-eabi/7.3.1/../../../../arm-none-eabi/lib/thumb/v7e-m/fpv5/hard\libc_nano.a(lib_a-errno.o)
                0x0000000008005ae4                __errno
 .text.__libc_init_array
                0x0000000008005af0       0x48 d:/stm32cubeide/stm32cubeide/plugins/com.st.stm32cube.ide.mcu.externaltools.gnu-tools-for-stm32.7-2018-q2-update.win32_1.4.0.202007081208/tools/bin/../lib/gcc/arm-none-eabi/7.3.1/../../../../arm-none-eabi/lib/thumb/v7e-m/fpv5/hard\libc_nano.a(lib_a-init.o)
                0x0000000008005af0                __libc_init_array
 .text.memset   0x0000000008005b38       0x10 d:/stm32cubeide/stm32cubeide/plugins/com.st.stm32cube.ide.mcu.externaltools.gnu-tools-for-stm32.7-2018-q2-update.win32_1.4.0.202007081208/tools/bin/../lib/gcc/arm-none-eabi/7.3.1/../../../../arm-none-eabi/lib/thumb/v7e-m/fpv5/hard\libc_nano.a(lib_a-memset.o)
                0x0000000008005b38                memset
 .text.printf   0x0000000008005b48       0x30 d:/stm32cubeide/stm32cubeide/plugins/com.st.stm32cube.ide.mcu.externaltools.gnu-tools-for-stm32.7-2018-q2-update.win32_1.4.0.202007081208/tools/bin/../lib/gcc/arm-none-eabi/7.3.1/../../../../arm-none-eabi/lib/thumb/v7e-m/fpv5/hard\libc_nano.a(lib_a-printf.o)
                0x0000000008005b48                iprintf
                0x0000000008005b48                printf
 .text._puts_r  0x0000000008005b78       0xb8 d:/stm32cubeide/stm32cubeide/plugins/com.st.stm32cube.ide.mcu.externaltools.gnu-tools-for-stm32.7-2018-q2-update.win32_1.4.0.202007081208/tools/bin/../lib/gcc/arm-none-eabi/7.3.1/../../../../arm-none-eabi/lib/thumb/v7e-m/fpv5/hard\libc_nano.a(lib_a-puts.o)
                0x0000000008005b78                _puts_r
 .text.puts     0x0000000008005c30       0x10 d:/stm32cubeide/stm32cubeide/plugins/com.st.stm32cube.ide.mcu.externaltools.gnu-tools-for-stm32.7-2018-q2-update.win32_1.4.0.202007081208/tools/bin/../lib/gcc/arm-none-eabi/7.3.1/../../../../arm-none-eabi/lib/thumb/v7e-m/fpv5/hard\libc_nano.a(lib_a-puts.o)
                0x0000000008005c30                puts
 .text.__swbuf_r
                0x0000000008005c40       0xa4 d:/stm32cubeide/stm32cubeide/plugins/com.st.stm32cube.ide.mcu.externaltools.gnu-tools-for-stm32.7-2018-q2-update.win32_1.4.0.202007081208/tools/bin/../lib/gcc/arm-none-eabi/7.3.1/../../../../arm-none-eabi/lib/thumb/v7e-m/fpv5/hard\libc_nano.a(lib_a-wbuf.o)
                0x0000000008005c40                __swbuf_r
 .text.__swsetup_r
                0x0000000008005ce4       0xdc d:/stm32cubeide/stm32cubeide/plugins/com.st.stm32cube.ide.mcu.externaltools.gnu-tools-for-stm32.7-2018-q2-update.win32_1.4.0.202007081208/tools/bin/../lib/gcc/arm-none-eabi/7.3.1/../../../../arm-none-eabi/lib/thumb/v7e-m/fpv5/hard\libc_nano.a(lib_a-wsetup.o)
                0x0000000008005ce4                __swsetup_r
 .text.__sflush_r
                0x0000000008005dc0      0x10c d:/stm32cubeide/stm32cubeide/plugins/com.st.stm32cube.ide.mcu.externaltools.gnu-tools-for-stm32.7-2018-q2-update.win32_1.4.0.202007081208/tools/bin/../lib/gcc/arm-none-eabi/7.3.1/../../../../arm-none-eabi/lib/thumb/v7e-m/fpv5/hard\libc_nano.a(lib_a-fflush.o)
                0x0000000008005dc0                __sflush_r
 .text._fflush_r
                0x0000000008005ecc       0x54 d:/stm32cubeide/stm32cubeide/plugins/com.st.stm32cube.ide.mcu.externaltools.gnu-tools-for-stm32.7-2018-q2-update.win32_1.4.0.202007081208/tools/bin/../lib/gcc/arm-none-eabi/7.3.1/../../../../arm-none-eabi/lib/thumb/v7e-m/fpv5/hard\libc_nano.a(lib_a-fflush.o)
                0x0000000008005ecc                _fflush_r
 .text.std      0x0000000008005f20       0x48 d:/stm32cubeide/stm32cubeide/plugins/com.st.stm32cube.ide.mcu.externaltools.gnu-tools-for-stm32.7-2018-q2-update.win32_1.4.0.202007081208/tools/bin/../lib/gcc/arm-none-eabi/7.3.1/../../../../arm-none-eabi/lib/thumb/v7e-m/fpv5/hard\libc_nano.a(lib_a-findfp.o)
 .text._cleanup_r
                0x0000000008005f68        0xc d:/stm32cubeide/stm32cubeide/plugins/com.st.stm32cube.ide.mcu.externaltools.gnu-tools-for-stm32.7-2018-q2-update.win32_1.4.0.202007081208/tools/bin/../lib/gcc/arm-none-eabi/7.3.1/../../../../arm-none-eabi/lib/thumb/v7e-m/fpv5/hard\libc_nano.a(lib_a-findfp.o)
                0x0000000008005f68                _cleanup_r
 .text.__sfmoreglue
                0x0000000008005f74       0x2c d:/stm32cubeide/stm32cubeide/plugins/com.st.stm32cube.ide.mcu.externaltools.gnu-tools-for-stm32.7-2018-q2-update.win32_1.4.0.202007081208/tools/bin/../lib/gcc/arm-none-eabi/7.3.1/../../../../arm-none-eabi/lib/thumb/v7e-m/fpv5/hard\libc_nano.a(lib_a-findfp.o)
                0x0000000008005f74                __sfmoreglue
 .text.__sinit  0x0000000008005fa0       0x60 d:/stm32cubeide/stm32cubeide/plugins/com.st.stm32cube.ide.mcu.externaltools.gnu-tools-for-stm32.7-2018-q2-update.win32_1.4.0.202007081208/tools/bin/../lib/gcc/arm-none-eabi/7.3.1/../../../../arm-none-eabi/lib/thumb/v7e-m/fpv5/hard\libc_nano.a(lib_a-findfp.o)
                0x0000000008005fa0                __sinit
 .text.__sfp    0x0000000008006000       0x78 d:/stm32cubeide/stm32cubeide/plugins/com.st.stm32cube.ide.mcu.externaltools.gnu-tools-for-stm32.7-2018-q2-update.win32_1.4.0.202007081208/tools/bin/../lib/gcc/arm-none-eabi/7.3.1/../../../../arm-none-eabi/lib/thumb/v7e-m/fpv5/hard\libc_nano.a(lib_a-findfp.o)
                0x0000000008006000                __sfp
 .text._fwalk_reent
                0x0000000008006078       0x3c d:/stm32cubeide/stm32cubeide/plugins/com.st.stm32cube.ide.mcu.externaltools.gnu-tools-for-stm32.7-2018-q2-update.win32_1.4.0.202007081208/tools/bin/../lib/gcc/arm-none-eabi/7.3.1/../../../../arm-none-eabi/lib/thumb/v7e-m/fpv5/hard\libc_nano.a(lib_a-fwalk.o)
                0x0000000008006078                _fwalk_reent
 .text.__swhatbuf_r
                0x00000000080060b4       0x48 d:/stm32cubeide/stm32cubeide/plugins/com.st.stm32cube.ide.mcu.externaltools.gnu-tools-for-stm32.7-2018-q2-update.win32_1.4.0.202007081208/tools/bin/../lib/gcc/arm-none-eabi/7.3.1/../../../../arm-none-eabi/lib/thumb/v7e-m/fpv5/hard\libc_nano.a(lib_a-makebuf.o)
                0x00000000080060b4                __swhatbuf_r
 .text.__smakebuf_r
                0x00000000080060fc       0x80 d:/stm32cubeide/stm32cubeide/plugins/com.st.stm32cube.ide.mcu.externaltools.gnu-tools-for-stm32.7-2018-q2-update.win32_1.4.0.202007081208/tools/bin/../lib/gcc/arm-none-eabi/7.3.1/../../../../arm-none-eabi/lib/thumb/v7e-m/fpv5/hard\libc_nano.a(lib_a-makebuf.o)
                0x00000000080060fc                __smakebuf_r
 .text._free_r  0x000000000800617c       0x9c d:/stm32cubeide/stm32cubeide/plugins/com.st.stm32cube.ide.mcu.externaltools.gnu-tools-for-stm32.7-2018-q2-update.win32_1.4.0.202007081208/tools/bin/../lib/gcc/arm-none-eabi/7.3.1/../../../../arm-none-eabi/lib/thumb/v7e-m/fpv5/hard\libc_nano.a(lib_a-nano-freer.o)
                0x000000000800617c                _free_r
 .text._malloc_r
                0x0000000008006218       0xb4 d:/stm32cubeide/stm32cubeide/plugins/com.st.stm32cube.ide.mcu.externaltools.gnu-tools-for-stm32.7-2018-q2-update.win32_1.4.0.202007081208/tools/bin/../lib/gcc/arm-none-eabi/7.3.1/../../../../arm-none-eabi/lib/thumb/v7e-m/fpv5/hard\libc_nano.a(lib_a-nano-mallocr.o)
                0x0000000008006218                _malloc_r
 .text.__sfputc_r
                0x00000000080062cc       0x2e d:/stm32cubeide/stm32cubeide/plugins/com.st.stm32cube.ide.mcu.externaltools.gnu-tools-for-stm32.7-2018-q2-update.win32_1.4.0.202007081208/tools/bin/../lib/gcc/arm-none-eabi/7.3.1/../../../../arm-none-eabi/lib/thumb/v7e-m/fpv5/hard\libc_nano.a(lib_a-nano-vfprintf.o)
 .text.__sfputs_r
                0x00000000080062fa       0x24 d:/stm32cubeide/stm32cubeide/plugins/com.st.stm32cube.ide.mcu.externaltools.gnu-tools-for-stm32.7-2018-q2-update.win32_1.4.0.202007081208/tools/bin/../lib/gcc/arm-none-eabi/7.3.1/../../../../arm-none-eabi/lib/thumb/v7e-m/fpv5/hard\libc_nano.a(lib_a-nano-vfprintf.o)
                0x00000000080062fa                __sfputs_r
 *fill*         0x000000000800631e        0x2 
 .text._vfprintf_r
                0x0000000008006320      0x22c d:/stm32cubeide/stm32cubeide/plugins/com.st.stm32cube.ide.mcu.externaltools.gnu-tools-for-stm32.7-2018-q2-update.win32_1.4.0.202007081208/tools/bin/../lib/gcc/arm-none-eabi/7.3.1/../../../../arm-none-eabi/lib/thumb/v7e-m/fpv5/hard\libc_nano.a(lib_a-nano-vfprintf.o)
                0x0000000008006320                _vfprintf_r
                0x0000000008006320                _vfiprintf_r
 .text._printf_common
                0x000000000800654c       0xea d:/stm32cubeide/stm32cubeide/plugins/com.st.stm32cube.ide.mcu.externaltools.gnu-tools-for-stm32.7-2018-q2-update.win32_1.4.0.202007081208/tools/bin/../lib/gcc/arm-none-eabi/7.3.1/../../../../arm-none-eabi/lib/thumb/v7e-m/fpv5/hard\libc_nano.a(lib_a-nano-vfprintf_i.o)
                0x000000000800654c                _printf_common
 *fill*         0x0000000008006636        0x2 
 .text._printf_i
                0x0000000008006638      0x224 d:/stm32cubeide/stm32cubeide/plugins/com.st.stm32cube.ide.mcu.externaltools.gnu-tools-for-stm32.7-2018-q2-update.win32_1.4.0.202007081208/tools/bin/../lib/gcc/arm-none-eabi/7.3.1/../../../../arm-none-eabi/lib/thumb/v7e-m/fpv5/hard\libc_nano.a(lib_a-nano-vfprintf_i.o)
                0x0000000008006638                _printf_i
 .text._sbrk_r  0x000000000800685c       0x20 d:/stm32cubeide/stm32cubeide/plugins/com.st.stm32cube.ide.mcu.externaltools.gnu-tools-for-stm32.7-2018-q2-update.win32_1.4.0.202007081208/tools/bin/../lib/gcc/arm-none-eabi/7.3.1/../../../../arm-none-eabi/lib/thumb/v7e-m/fpv5/hard\libc_nano.a(lib_a-sbrkr.o)
                0x000000000800685c                _sbrk_r
 .text.__sread  0x000000000800687c       0x22 d:/stm32cubeide/stm32cubeide/plugins/com.st.stm32cube.ide.mcu.externaltools.gnu-tools-for-stm32.7-2018-q2-update.win32_1.4.0.202007081208/tools/bin/../lib/gcc/arm-none-eabi/7.3.1/../../../../arm-none-eabi/lib/thumb/v7e-m/fpv5/hard\libc_nano.a(lib_a-stdio.o)
                0x000000000800687c                __sread
 .text.__swrite
                0x000000000800689e       0x38 d:/stm32cubeide/stm32cubeide/plugins/com.st.stm32cube.ide.mcu.externaltools.gnu-tools-for-stm32.7-2018-q2-update.win32_1.4.0.202007081208/tools/bin/../lib/gcc/arm-none-eabi/7.3.1/../../../../arm-none-eabi/lib/thumb/v7e-m/fpv5/hard\libc_nano.a(lib_a-stdio.o)
                0x000000000800689e                __swrite
 .text.__sseek  0x00000000080068d6       0x24 d:/stm32cubeide/stm32cubeide/plugins/com.st.stm32cube.ide.mcu.externaltools.gnu-tools-for-stm32.7-2018-q2-update.win32_1.4.0.202007081208/tools/bin/../lib/gcc/arm-none-eabi/7.3.1/../../../../arm-none-eabi/lib/thumb/v7e-m/fpv5/hard\libc_nano.a(lib_a-stdio.o)
                0x00000000080068d6                __sseek
 .text.__sclose
                0x00000000080068fa        0x8 d:/stm32cubeide/stm32cubeide/plugins/com.st.stm32cube.ide.mcu.externaltools.gnu-tools-for-stm32.7-2018-q2-update.win32_1.4.0.202007081208/tools/bin/../lib/gcc/arm-none-eabi/7.3.1/../../../../arm-none-eabi/lib/thumb/v7e-m/fpv5/hard\libc_nano.a(lib_a-stdio.o)
                0x00000000080068fa                __sclose
 *fill*         0x0000000008006902        0x2 
 .text._write_r
                0x0000000008006904       0x24 d:/stm32cubeide/stm32cubeide/plugins/com.st.stm32cube.ide.mcu.externaltools.gnu-tools-for-stm32.7-2018-q2-update.win32_1.4.0.202007081208/tools/bin/../lib/gcc/arm-none-eabi/7.3.1/../../../../arm-none-eabi/lib/thumb/v7e-m/fpv5/hard\libc_nano.a(lib_a-writer.o)
                0x0000000008006904                _write_r
 .text._close_r
                0x0000000008006928       0x20 d:/stm32cubeide/stm32cubeide/plugins/com.st.stm32cube.ide.mcu.externaltools.gnu-tools-for-stm32.7-2018-q2-update.win32_1.4.0.202007081208/tools/bin/../lib/gcc/arm-none-eabi/7.3.1/../../../../arm-none-eabi/lib/thumb/v7e-m/fpv5/hard\libc_nano.a(lib_a-closer.o)
                0x0000000008006928                _close_r
 .text._fstat_r
                0x0000000008006948       0x24 d:/stm32cubeide/stm32cubeide/plugins/com.st.stm32cube.ide.mcu.externaltools.gnu-tools-for-stm32.7-2018-q2-update.win32_1.4.0.202007081208/tools/bin/../lib/gcc/arm-none-eabi/7.3.1/../../../../arm-none-eabi/lib/thumb/v7e-m/fpv5/hard\libc_nano.a(lib_a-fstatr.o)
                0x0000000008006948                _fstat_r
 .text._isatty_r
                0x000000000800696c       0x20 d:/stm32cubeide/stm32cubeide/plugins/com.st.stm32cube.ide.mcu.externaltools.gnu-tools-for-stm32.7-2018-q2-update.win32_1.4.0.202007081208/tools/bin/../lib/gcc/arm-none-eabi/7.3.1/../../../../arm-none-eabi/lib/thumb/v7e-m/fpv5/hard\libc_nano.a(lib_a-isattyr.o)
                0x000000000800696c                _isatty_r
 .text._lseek_r
                0x000000000800698c       0x24 d:/stm32cubeide/stm32cubeide/plugins/com.st.stm32cube.ide.mcu.externaltools.gnu-tools-for-stm32.7-2018-q2-update.win32_1.4.0.202007081208/tools/bin/../lib/gcc/arm-none-eabi/7.3.1/../../../../arm-none-eabi/lib/thumb/v7e-m/fpv5/hard\libc_nano.a(lib_a-lseekr.o)
                0x000000000800698c                _lseek_r
 .text.__malloc_lock
                0x00000000080069b0        0x2 d:/stm32cubeide/stm32cubeide/plugins/com.st.stm32cube.ide.mcu.externaltools.gnu-tools-for-stm32.7-2018-q2-update.win32_1.4.0.202007081208/tools/bin/../lib/gcc/arm-none-eabi/7.3.1/../../../../arm-none-eabi/lib/thumb/v7e-m/fpv5/hard\libc_nano.a(lib_a-mlock.o)
                0x00000000080069b0                __malloc_lock
 .text.__malloc_unlock
                0x00000000080069b2        0x2 d:/stm32cubeide/stm32cubeide/plugins/com.st.stm32cube.ide.mcu.externaltools.gnu-tools-for-stm32.7-2018-q2-update.win32_1.4.0.202007081208/tools/bin/../lib/gcc/arm-none-eabi/7.3.1/../../../../arm-none-eabi/lib/thumb/v7e-m/fpv5/hard\libc_nano.a(lib_a-mlock.o)
                0x00000000080069b2                __malloc_unlock
 .text._read_r  0x00000000080069b4       0x24 d:/stm32cubeide/stm32cubeide/plugins/com.st.stm32cube.ide.mcu.externaltools.gnu-tools-for-stm32.7-2018-q2-update.win32_1.4.0.202007081208/tools/bin/../lib/gcc/arm-none-eabi/7.3.1/../../../../arm-none-eabi/lib/thumb/v7e-m/fpv5/hard\libc_nano.a(lib_a-readr.o)
                0x00000000080069b4                _read_r
 *(.glue_7)
 .glue_7        0x00000000080069d8        0x0 linker stubs
 *(.glue_7t)
 .glue_7t       0x00000000080069d8        0x0 linker stubs
 *(.eh_frame)
 .eh_frame      0x00000000080069d8        0x0 d:/stm32cubeide/stm32cubeide/plugins/com.st.stm32cube.ide.mcu.externaltools.gnu-tools-for-stm32.7-2018-q2-update.win32_1.4.0.202007081208/tools/bin/../lib/gcc/arm-none-eabi/7.3.1/thumb/v7e-m/fpv5/hard/crtbegin.o
 *(.init)
 .init          0x00000000080069d8        0x4 d:/stm32cubeide/stm32cubeide/plugins/com.st.stm32cube.ide.mcu.externaltools.gnu-tools-for-stm32.7-2018-q2-update.win32_1.4.0.202007081208/tools/bin/../lib/gcc/arm-none-eabi/7.3.1/thumb/v7e-m/fpv5/hard/crti.o
                0x00000000080069d8                _init
 .init          0x00000000080069dc        0x8 d:/stm32cubeide/stm32cubeide/plugins/com.st.stm32cube.ide.mcu.externaltools.gnu-tools-for-stm32.7-2018-q2-update.win32_1.4.0.202007081208/tools/bin/../lib/gcc/arm-none-eabi/7.3.1/thumb/v7e-m/fpv5/hard/crtn.o
 *(.fini)
 .fini          0x00000000080069e4        0x4 d:/stm32cubeide/stm32cubeide/plugins/com.st.stm32cube.ide.mcu.externaltools.gnu-tools-for-stm32.7-2018-q2-update.win32_1.4.0.202007081208/tools/bin/../lib/gcc/arm-none-eabi/7.3.1/thumb/v7e-m/fpv5/hard/crti.o
                0x00000000080069e4                _fini
 .fini          0x00000000080069e8        0x8 d:/stm32cubeide/stm32cubeide/plugins/com.st.stm32cube.ide.mcu.externaltools.gnu-tools-for-stm32.7-2018-q2-update.win32_1.4.0.202007081208/tools/bin/../lib/gcc/arm-none-eabi/7.3.1/thumb/v7e-m/fpv5/hard/crtn.o
                0x00000000080069f0                . = ALIGN (0x4)
                0x00000000080069f0                _etext = .

.vfp11_veneer   0x00000000080069f0        0x0
 .vfp11_veneer  0x00000000080069f0        0x0 linker stubs

.v4_bx          0x00000000080069f0        0x0
 .v4_bx         0x00000000080069f0        0x0 linker stubs

.iplt           0x00000000080069f0        0x0
 .iplt          0x00000000080069f0        0x0 d:/stm32cubeide/stm32cubeide/plugins/com.st.stm32cube.ide.mcu.externaltools.gnu-tools-for-stm32.7-2018-q2-update.win32_1.4.0.202007081208/tools/bin/../lib/gcc/arm-none-eabi/7.3.1/thumb/v7e-m/fpv5/hard/crtbegin.o

.rodata         0x00000000080069f0      0x104
                0x00000000080069f0                . = ALIGN (0x4)
 *(.rodata)
 .rodata        0x00000000080069f0       0x32 APP/boot.o
 *fill*         0x0000000008006a22        0x2 
 .rodata        0x0000000008006a24       0x10 Drivers/STM32H7xx_HAL_Driver/Src/stm32h7xx_hal_uart_ex.o
 *(.rodata*)
 .rodata.D1CorePrescTable
                0x0000000008006a34       0x10 Core/Src/system_stm32h7xx.o
                0x0000000008006a34                D1CorePrescTable
 .rodata.UARTPrescTable
                0x0000000008006a44       0x18 Drivers/STM32H7xx_HAL_Driver/Src/stm32h7xx_hal_uart.o
                0x0000000008006a44                UARTPrescTable
 .rodata._global_impure_ptr
                0x0000000008006a5c        0x4 d:/stm32cubeide/stm32cubeide/plugins/com.st.stm32cube.ide.mcu.externaltools.gnu-tools-for-stm32.7-2018-q2-update.win32_1.4.0.202007081208/tools/bin/../lib/gcc/arm-none-eabi/7.3.1/../../../../arm-none-eabi/lib/thumb/v7e-m/fpv5/hard\libc_nano.a(lib_a-impure.o)
                0x0000000008006a5c                _global_impure_ptr
 .rodata.__sf_fake_stderr
                0x0000000008006a60       0x20 d:/stm32cubeide/stm32cubeide/plugins/com.st.stm32cube.ide.mcu.externaltools.gnu-tools-for-stm32.7-2018-q2-update.win32_1.4.0.202007081208/tools/bin/../lib/gcc/arm-none-eabi/7.3.1/../../../../arm-none-eabi/lib/thumb/v7e-m/fpv5/hard\libc_nano.a(lib_a-findfp.o)
                0x0000000008006a60                __sf_fake_stderr
 .rodata.__sf_fake_stdin
                0x0000000008006a80       0x20 d:/stm32cubeide/stm32cubeide/plugins/com.st.stm32cube.ide.mcu.externaltools.gnu-tools-for-stm32.7-2018-q2-update.win32_1.4.0.202007081208/tools/bin/../lib/gcc/arm-none-eabi/7.3.1/../../../../arm-none-eabi/lib/thumb/v7e-m/fpv5/hard\libc_nano.a(lib_a-findfp.o)
                0x0000000008006a80                __sf_fake_stdin
 .rodata.__sf_fake_stdout
                0x0000000008006aa0       0x20 d:/stm32cubeide/stm32cubeide/plugins/com.st.stm32cube.ide.mcu.externaltools.gnu-tools-for-stm32.7-2018-q2-update.win32_1.4.0.202007081208/tools/bin/../lib/gcc/arm-none-eabi/7.3.1/../../../../arm-none-eabi/lib/thumb/v7e-m/fpv5/hard\libc_nano.a(lib_a-findfp.o)
                0x0000000008006aa0                __sf_fake_stdout
 .rodata._vfprintf_r.str1.1
                0x0000000008006ac0       0x11 d:/stm32cubeide/stm32cubeide/plugins/com.st.stm32cube.ide.mcu.externaltools.gnu-tools-for-stm32.7-2018-q2-update.win32_1.4.0.202007081208/tools/bin/../lib/gcc/arm-none-eabi/7.3.1/../../../../arm-none-eabi/lib/thumb/v7e-m/fpv5/hard\libc_nano.a(lib_a-nano-vfprintf.o)
 .rodata._printf_i.str1.1
                0x0000000008006ad1       0x22 d:/stm32cubeide/stm32cubeide/plugins/com.st.stm32cube.ide.mcu.externaltools.gnu-tools-for-stm32.7-2018-q2-update.win32_1.4.0.202007081208/tools/bin/../lib/gcc/arm-none-eabi/7.3.1/../../../../arm-none-eabi/lib/thumb/v7e-m/fpv5/hard\libc_nano.a(lib_a-nano-vfprintf_i.o)
                0x0000000008006af4                . = ALIGN (0x4)
 *fill*         0x0000000008006af3        0x1 

.ARM.extab      0x0000000008006af4        0x0
                0x0000000008006af4                . = ALIGN (0x4)
 *(.ARM.extab* .gnu.linkonce.armextab.*)
                0x0000000008006af4                . = ALIGN (0x4)

.ARM            0x0000000008006af4        0x8
                0x0000000008006af4                . = ALIGN (0x4)
                0x0000000008006af4                __exidx_start = .
 *(.ARM.exidx*)
 .ARM.exidx     0x0000000008006af4        0x8 d:/stm32cubeide/stm32cubeide/plugins/com.st.stm32cube.ide.mcu.externaltools.gnu-tools-for-stm32.7-2018-q2-update.win32_1.4.0.202007081208/tools/bin/../lib/gcc/arm-none-eabi/7.3.1/thumb/v7e-m/fpv5/hard\libgcc.a(_udivmoddi4.o)
                0x0000000008006afc                __exidx_end = .
                0x0000000008006afc                . = ALIGN (0x4)

.rel.dyn        0x0000000008006afc        0x0
 .rel.iplt      0x0000000008006afc        0x0 d:/stm32cubeide/stm32cubeide/plugins/com.st.stm32cube.ide.mcu.externaltools.gnu-tools-for-stm32.7-2018-q2-update.win32_1.4.0.202007081208/tools/bin/../lib/gcc/arm-none-eabi/7.3.1/thumb/v7e-m/fpv5/hard/crtbegin.o

.preinit_array  0x0000000008006afc        0x0
                0x0000000008006afc                . = ALIGN (0x4)
                0x0000000008006afc                PROVIDE (__preinit_array_start = .)
 *(.preinit_array*)
                0x0000000008006afc                PROVIDE (__preinit_array_end = .)
                0x0000000008006afc                . = ALIGN (0x4)

.init_array     0x0000000008006afc        0x4
                0x0000000008006afc                . = ALIGN (0x4)
                0x0000000008006afc                PROVIDE (__init_array_start = .)
 *(SORT_BY_NAME(.init_array.*))
 *(.init_array*)
 .init_array    0x0000000008006afc        0x4 d:/stm32cubeide/stm32cubeide/plugins/com.st.stm32cube.ide.mcu.externaltools.gnu-tools-for-stm32.7-2018-q2-update.win32_1.4.0.202007081208/tools/bin/../lib/gcc/arm-none-eabi/7.3.1/thumb/v7e-m/fpv5/hard/crtbegin.o
                0x0000000008006b00                PROVIDE (__init_array_end = .)
                0x0000000008006b00                . = ALIGN (0x4)

.fini_array     0x0000000008006b00        0x4
                0x0000000008006b00                . = ALIGN (0x4)
                [!provide]                        PROVIDE (__fini_array_start = .)
 *(SORT_BY_NAME(.fini_array.*))
 *(.fini_array*)
 .fini_array    0x0000000008006b00        0x4 d:/stm32cubeide/stm32cubeide/plugins/com.st.stm32cube.ide.mcu.externaltools.gnu-tools-for-stm32.7-2018-q2-update.win32_1.4.0.202007081208/tools/bin/../lib/gcc/arm-none-eabi/7.3.1/thumb/v7e-m/fpv5/hard/crtbegin.o
                [!provide]                        PROVIDE (__fini_array_end = .)
                0x0000000008006b04                . = ALIGN (0x4)
                0x0000000008006b04                _sidata = LOADADDR (.data)

.data           0x0000000024000000       0x74 load address 0x0000000008006b04
                0x0000000024000000                . = ALIGN (0x4)
                0x0000000024000000                _sdata = .
 *(.data)
 *(.data*)
 .data.SystemCoreClock
                0x0000000024000000        0x4 Core/Src/system_stm32h7xx.o
                0x0000000024000000                SystemCoreClock
 .data.SystemD2Clock
                0x0000000024000004        0x4 Core/Src/system_stm32h7xx.o
                0x0000000024000004                SystemD2Clock
 .data.uwTickPrio
                0x0000000024000008        0x4 Drivers/STM32H7xx_HAL_Driver/Src/stm32h7xx_hal.o
                0x0000000024000008                uwTickPrio
 .data.uwTickFreq
                0x000000002400000c        0x1 Drivers/STM32H7xx_HAL_Driver/Src/stm32h7xx_hal.o
                0x000000002400000c                uwTickFreq
 *fill*         0x000000002400000d        0x3 
 .data._impure_ptr
                0x0000000024000010        0x4 d:/stm32cubeide/stm32cubeide/plugins/com.st.stm32cube.ide.mcu.externaltools.gnu-tools-for-stm32.7-2018-q2-update.win32_1.4.0.202007081208/tools/bin/../lib/gcc/arm-none-eabi/7.3.1/../../../../arm-none-eabi/lib/thumb/v7e-m/fpv5/hard\libc_nano.a(lib_a-impure.o)
                0x0000000024000010                _impure_ptr
 .data.impure_data
                0x0000000024000014       0x60 d:/stm32cubeide/stm32cubeide/plugins/com.st.stm32cube.ide.mcu.externaltools.gnu-tools-for-stm32.7-2018-q2-update.win32_1.4.0.202007081208/tools/bin/../lib/gcc/arm-none-eabi/7.3.1/../../../../arm-none-eabi/lib/thumb/v7e-m/fpv5/hard\libc_nano.a(lib_a-impure.o)
                0x0000000024000074                . = ALIGN (0x4)
                0x0000000024000074                _edata = .

.igot.plt       0x0000000024000074        0x0 load address 0x0000000008006b78
 .igot.plt      0x0000000024000074        0x0 d:/stm32cubeide/stm32cubeide/plugins/com.st.stm32cube.ide.mcu.externaltools.gnu-tools-for-stm32.7-2018-q2-update.win32_1.4.0.202007081208/tools/bin/../lib/gcc/arm-none-eabi/7.3.1/thumb/v7e-m/fpv5/hard/crtbegin.o
                0x0000000024000074                . = ALIGN (0x4)

.bss            0x0000000024000074      0x110 load address 0x0000000008006b78
                0x0000000024000074                _sbss = .
                0x0000000024000074                __bss_start__ = _sbss
 *(.bss)
 .bss           0x0000000024000074       0x1c d:/stm32cubeide/stm32cubeide/plugins/com.st.stm32cube.ide.mcu.externaltools.gnu-tools-for-stm32.7-2018-q2-update.win32_1.4.0.202007081208/tools/bin/../lib/gcc/arm-none-eabi/7.3.1/thumb/v7e-m/fpv5/hard/crtbegin.o
 *(.bss*)
 .bss.__sbrk_heap_end
                0x0000000024000090        0x4 Core/Src/sysmem.o
 .bss.w25qxx_mode
                0x0000000024000094        0x1 Drivers/BSP/w25qxx.o
                0x0000000024000094                w25qxx_mode
 *fill*         0x0000000024000095        0x3 
 .bss.__malloc_free_list
                0x0000000024000098        0x4 d:/stm32cubeide/stm32cubeide/plugins/com.st.stm32cube.ide.mcu.externaltools.gnu-tools-for-stm32.7-2018-q2-update.win32_1.4.0.202007081208/tools/bin/../lib/gcc/arm-none-eabi/7.3.1/../../../../arm-none-eabi/lib/thumb/v7e-m/fpv5/hard\libc_nano.a(lib_a-nano-mallocr.o)
                0x0000000024000098                __malloc_free_list
 .bss.__malloc_sbrk_start
                0x000000002400009c        0x4 d:/stm32cubeide/stm32cubeide/plugins/com.st.stm32cube.ide.mcu.externaltools.gnu-tools-for-stm32.7-2018-q2-update.win32_1.4.0.202007081208/tools/bin/../lib/gcc/arm-none-eabi/7.3.1/../../../../arm-none-eabi/lib/thumb/v7e-m/fpv5/hard\libc_nano.a(lib_a-nano-mallocr.o)
                0x000000002400009c                __malloc_sbrk_start
 *(COMMON)
 COMMON         0x00000000240000a0        0x4 APP/boot.o
                0x00000000240000a0                JumpToApplication
 COMMON         0x00000000240000a4       0x4c Core/Src/quadspi.o
                0x00000000240000a4                hqspi
 COMMON         0x00000000240000f0       0x8c Core/Src/usart.o
                0x00000000240000f0                huart4
 COMMON         0x000000002400017c        0x4 Drivers/STM32H7xx_HAL_Driver/Src/stm32h7xx_hal.o
                0x000000002400017c                uwTick
 COMMON         0x0000000024000180        0x4 d:/stm32cubeide/stm32cubeide/plugins/com.st.stm32cube.ide.mcu.externaltools.gnu-tools-for-stm32.7-2018-q2-update.win32_1.4.0.202007081208/tools/bin/../lib/gcc/arm-none-eabi/7.3.1/../../../../arm-none-eabi/lib/thumb/v7e-m/fpv5/hard\libc_nano.a(lib_a-reent.o)
                0x0000000024000180                errno
                0x0000000024000184                . = ALIGN (0x4)
                0x0000000024000184                _ebss = .
                0x0000000024000184                __bss_end__ = _ebss

._user_heap_stack
                0x0000000024000184      0x604 load address 0x0000000008006b78
                0x0000000024000188                . = ALIGN (0x8)
 *fill*         0x0000000024000184        0x4 
                [!provide]                        PROVIDE (end = .)
                0x0000000024000188                PROVIDE (_end = .)
                0x0000000024000388                . = (. + _Min_Heap_Size)
 *fill*         0x0000000024000188      0x200 
                0x0000000024000788                . = (. + _Min_Stack_Size)
 *fill*         0x0000000024000388      0x400 
                0x0000000024000788                . = ALIGN (0x8)

/DISCARD/
 libc.a(*)
 libm.a(*)
 libgcc.a(*)

.ARM.attributes
                0x0000000000000000       0x2e
 *(.ARM.attributes)
 .ARM.attributes
                0x0000000000000000       0x20 d:/stm32cubeide/stm32cubeide/plugins/com.st.stm32cube.ide.mcu.externaltools.gnu-tools-for-stm32.7-2018-q2-update.win32_1.4.0.202007081208/tools/bin/../lib/gcc/arm-none-eabi/7.3.1/thumb/v7e-m/fpv5/hard/crti.o
 .ARM.attributes
                0x0000000000000020       0x32 d:/stm32cubeide/stm32cubeide/plugins/com.st.stm32cube.ide.mcu.externaltools.gnu-tools-for-stm32.7-2018-q2-update.win32_1.4.0.202007081208/tools/bin/../lib/gcc/arm-none-eabi/7.3.1/thumb/v7e-m/fpv5/hard/crtbegin.o
 .ARM.attributes
                0x0000000000000052       0x37 APP/boot.o
 .ARM.attributes
                0x0000000000000089       0x37 Core/Src/gpio.o
 .ARM.attributes
                0x00000000000000c0       0x37 Core/Src/main.o
 .ARM.attributes
                0x00000000000000f7       0x37 Core/Src/quadspi.o
 .ARM.attributes
                0x000000000000012e       0x37 Core/Src/stm32h7xx_hal_msp.o
 .ARM.attributes
                0x0000000000000165       0x37 Core/Src/stm32h7xx_it.o
 .ARM.attributes
                0x000000000000019c       0x37 Core/Src/syscalls.o
 .ARM.attributes
                0x00000000000001d3       0x37 Core/Src/sysmem.o
 .ARM.attributes
                0x000000000000020a       0x37 Core/Src/system_stm32h7xx.o
 .ARM.attributes
                0x0000000000000241       0x37 Core/Src/usart.o
 .ARM.attributes
                0x0000000000000278       0x21 Core/Startup/startup_stm32h750xbhx.o
 .ARM.attributes
                0x0000000000000299       0x37 Drivers/BSP/w25qxx.o
 .ARM.attributes
                0x00000000000002d0       0x37 Drivers/STM32H7xx_HAL_Driver/Src/stm32h7xx_hal.o
 .ARM.attributes
                0x0000000000000307       0x37 Drivers/STM32H7xx_HAL_Driver/Src/stm32h7xx_hal_cortex.o
 .ARM.attributes
                0x000000000000033e       0x37 Drivers/STM32H7xx_HAL_Driver/Src/stm32h7xx_hal_gpio.o
 .ARM.attributes
                0x0000000000000375       0x37 Drivers/STM32H7xx_HAL_Driver/Src/stm32h7xx_hal_pwr_ex.o
 .ARM.attributes
                0x00000000000003ac       0x37 Drivers/STM32H7xx_HAL_Driver/Src/stm32h7xx_hal_qspi.o
 .ARM.attributes
                0x00000000000003e3       0x37 Drivers/STM32H7xx_HAL_Driver/Src/stm32h7xx_hal_rcc.o
 .ARM.attributes
                0x000000000000041a       0x37 Drivers/STM32H7xx_HAL_Driver/Src/stm32h7xx_hal_rcc_ex.o
 .ARM.attributes
                0x0000000000000451       0x37 Drivers/STM32H7xx_HAL_Driver/Src/stm32h7xx_hal_uart.o
 .ARM.attributes
                0x0000000000000488       0x37 Drivers/STM32H7xx_HAL_Driver/Src/stm32h7xx_hal_uart_ex.o
 .ARM.attributes
                0x00000000000004bf       0x32 d:/stm32cubeide/stm32cubeide/plugins/com.st.stm32cube.ide.mcu.externaltools.gnu-tools-for-stm32.7-2018-q2-update.win32_1.4.0.202007081208/tools/bin/../lib/gcc/arm-none-eabi/7.3.1/../../../../arm-none-eabi/lib/thumb/v7e-m/fpv5/hard\libc_nano.a(lib_a-errno.o)
 .ARM.attributes
                0x00000000000004f1       0x32 d:/stm32cubeide/stm32cubeide/plugins/com.st.stm32cube.ide.mcu.externaltools.gnu-tools-for-stm32.7-2018-q2-update.win32_1.4.0.202007081208/tools/bin/../lib/gcc/arm-none-eabi/7.3.1/../../../../arm-none-eabi/lib/thumb/v7e-m/fpv5/hard\libc_nano.a(lib_a-impure.o)
 .ARM.attributes
                0x0000000000000523       0x32 d:/stm32cubeide/stm32cubeide/plugins/com.st.stm32cube.ide.mcu.externaltools.gnu-tools-for-stm32.7-2018-q2-update.win32_1.4.0.202007081208/tools/bin/../lib/gcc/arm-none-eabi/7.3.1/../../../../arm-none-eabi/lib/thumb/v7e-m/fpv5/hard\libc_nano.a(lib_a-init.o)
 .ARM.attributes
                0x0000000000000555       0x32 d:/stm32cubeide/stm32cubeide/plugins/com.st.stm32cube.ide.mcu.externaltools.gnu-tools-for-stm32.7-2018-q2-update.win32_1.4.0.202007081208/tools/bin/../lib/gcc/arm-none-eabi/7.3.1/../../../../arm-none-eabi/lib/thumb/v7e-m/fpv5/hard\libc_nano.a(lib_a-memset.o)
 .ARM.attributes
                0x0000000000000587       0x32 d:/stm32cubeide/stm32cubeide/plugins/com.st.stm32cube.ide.mcu.externaltools.gnu-tools-for-stm32.7-2018-q2-update.win32_1.4.0.202007081208/tools/bin/../lib/gcc/arm-none-eabi/7.3.1/../../../../arm-none-eabi/lib/thumb/v7e-m/fpv5/hard\libc_nano.a(lib_a-printf.o)
 .ARM.attributes
                0x00000000000005b9       0x32 d:/stm32cubeide/stm32cubeide/plugins/com.st.stm32cube.ide.mcu.externaltools.gnu-tools-for-stm32.7-2018-q2-update.win32_1.4.0.202007081208/tools/bin/../lib/gcc/arm-none-eabi/7.3.1/../../../../arm-none-eabi/lib/thumb/v7e-m/fpv5/hard\libc_nano.a(lib_a-puts.o)
 .ARM.attributes
                0x00000000000005eb       0x32 d:/stm32cubeide/stm32cubeide/plugins/com.st.stm32cube.ide.mcu.externaltools.gnu-tools-for-stm32.7-2018-q2-update.win32_1.4.0.202007081208/tools/bin/../lib/gcc/arm-none-eabi/7.3.1/../../../../arm-none-eabi/lib/thumb/v7e-m/fpv5/hard\libc_nano.a(lib_a-wbuf.o)
 .ARM.attributes
                0x000000000000061d       0x32 d:/stm32cubeide/stm32cubeide/plugins/com.st.stm32cube.ide.mcu.externaltools.gnu-tools-for-stm32.7-2018-q2-update.win32_1.4.0.202007081208/tools/bin/../lib/gcc/arm-none-eabi/7.3.1/../../../../arm-none-eabi/lib/thumb/v7e-m/fpv5/hard\libc_nano.a(lib_a-wsetup.o)
 .ARM.attributes
                0x000000000000064f       0x32 d:/stm32cubeide/stm32cubeide/plugins/com.st.stm32cube.ide.mcu.externaltools.gnu-tools-for-stm32.7-2018-q2-update.win32_1.4.0.202007081208/tools/bin/../lib/gcc/arm-none-eabi/7.3.1/../../../../arm-none-eabi/lib/thumb/v7e-m/fpv5/hard\libc_nano.a(lib_a-fflush.o)
 .ARM.attributes
                0x0000000000000681       0x32 d:/stm32cubeide/stm32cubeide/plugins/com.st.stm32cube.ide.mcu.externaltools.gnu-tools-for-stm32.7-2018-q2-update.win32_1.4.0.202007081208/tools/bin/../lib/gcc/arm-none-eabi/7.3.1/../../../../arm-none-eabi/lib/thumb/v7e-m/fpv5/hard\libc_nano.a(lib_a-findfp.o)
 .ARM.attributes
                0x00000000000006b3       0x32 d:/stm32cubeide/stm32cubeide/plugins/com.st.stm32cube.ide.mcu.externaltools.gnu-tools-for-stm32.7-2018-q2-update.win32_1.4.0.202007081208/tools/bin/../lib/gcc/arm-none-eabi/7.3.1/../../../../arm-none-eabi/lib/thumb/v7e-m/fpv5/hard\libc_nano.a(lib_a-fwalk.o)
 .ARM.attributes
                0x00000000000006e5       0x32 d:/stm32cubeide/stm32cubeide/plugins/com.st.stm32cube.ide.mcu.externaltools.gnu-tools-for-stm32.7-2018-q2-update.win32_1.4.0.202007081208/tools/bin/../lib/gcc/arm-none-eabi/7.3.1/../../../../arm-none-eabi/lib/thumb/v7e-m/fpv5/hard\libc_nano.a(lib_a-makebuf.o)
 .ARM.attributes
                0x0000000000000717       0x32 d:/stm32cubeide/stm32cubeide/plugins/com.st.stm32cube.ide.mcu.externaltools.gnu-tools-for-stm32.7-2018-q2-update.win32_1.4.0.202007081208/tools/bin/../lib/gcc/arm-none-eabi/7.3.1/../../../../arm-none-eabi/lib/thumb/v7e-m/fpv5/hard\libc_nano.a(lib_a-nano-freer.o)
 .ARM.attributes
                0x0000000000000749       0x32 d:/stm32cubeide/stm32cubeide/plugins/com.st.stm32cube.ide.mcu.externaltools.gnu-tools-for-stm32.7-2018-q2-update.win32_1.4.0.202007081208/tools/bin/../lib/gcc/arm-none-eabi/7.3.1/../../../../arm-none-eabi/lib/thumb/v7e-m/fpv5/hard\libc_nano.a(lib_a-nano-mallocr.o)
 .ARM.attributes
                0x000000000000077b       0x32 d:/stm32cubeide/stm32cubeide/plugins/com.st.stm32cube.ide.mcu.externaltools.gnu-tools-for-stm32.7-2018-q2-update.win32_1.4.0.202007081208/tools/bin/../lib/gcc/arm-none-eabi/7.3.1/../../../../arm-none-eabi/lib/thumb/v7e-m/fpv5/hard\libc_nano.a(lib_a-nano-vfprintf.o)
 .ARM.attributes
                0x00000000000007ad       0x32 d:/stm32cubeide/stm32cubeide/plugins/com.st.stm32cube.ide.mcu.externaltools.gnu-tools-for-stm32.7-2018-q2-update.win32_1.4.0.202007081208/tools/bin/../lib/gcc/arm-none-eabi/7.3.1/../../../../arm-none-eabi/lib/thumb/v7e-m/fpv5/hard\libc_nano.a(lib_a-nano-vfprintf_i.o)
 .ARM.attributes
                0x00000000000007df       0x32 d:/stm32cubeide/stm32cubeide/plugins/com.st.stm32cube.ide.mcu.externaltools.gnu-tools-for-stm32.7-2018-q2-update.win32_1.4.0.202007081208/tools/bin/../lib/gcc/arm-none-eabi/7.3.1/../../../../arm-none-eabi/lib/thumb/v7e-m/fpv5/hard\libc_nano.a(lib_a-sbrkr.o)
 .ARM.attributes
                0x0000000000000811       0x32 d:/stm32cubeide/stm32cubeide/plugins/com.st.stm32cube.ide.mcu.externaltools.gnu-tools-for-stm32.7-2018-q2-update.win32_1.4.0.202007081208/tools/bin/../lib/gcc/arm-none-eabi/7.3.1/../../../../arm-none-eabi/lib/thumb/v7e-m/fpv5/hard\libc_nano.a(lib_a-stdio.o)
 .ARM.attributes
                0x0000000000000843       0x32 d:/stm32cubeide/stm32cubeide/plugins/com.st.stm32cube.ide.mcu.externaltools.gnu-tools-for-stm32.7-2018-q2-update.win32_1.4.0.202007081208/tools/bin/../lib/gcc/arm-none-eabi/7.3.1/../../../../arm-none-eabi/lib/thumb/v7e-m/fpv5/hard\libc_nano.a(lib_a-writer.o)
 .ARM.attributes
                0x0000000000000875       0x32 d:/stm32cubeide/stm32cubeide/plugins/com.st.stm32cube.ide.mcu.externaltools.gnu-tools-for-stm32.7-2018-q2-update.win32_1.4.0.202007081208/tools/bin/../lib/gcc/arm-none-eabi/7.3.1/../../../../arm-none-eabi/lib/thumb/v7e-m/fpv5/hard\libc_nano.a(lib_a-closer.o)
 .ARM.attributes
                0x00000000000008a7       0x32 d:/stm32cubeide/stm32cubeide/plugins/com.st.stm32cube.ide.mcu.externaltools.gnu-tools-for-stm32.7-2018-q2-update.win32_1.4.0.202007081208/tools/bin/../lib/gcc/arm-none-eabi/7.3.1/../../../../arm-none-eabi/lib/thumb/v7e-m/fpv5/hard\libc_nano.a(lib_a-fstatr.o)
 .ARM.attributes
                0x00000000000008d9       0x32 d:/stm32cubeide/stm32cubeide/plugins/com.st.stm32cube.ide.mcu.externaltools.gnu-tools-for-stm32.7-2018-q2-update.win32_1.4.0.202007081208/tools/bin/../lib/gcc/arm-none-eabi/7.3.1/../../../../arm-none-eabi/lib/thumb/v7e-m/fpv5/hard\libc_nano.a(lib_a-isattyr.o)
 .ARM.attributes
                0x000000000000090b       0x32 d:/stm32cubeide/stm32cubeide/plugins/com.st.stm32cube.ide.mcu.externaltools.gnu-tools-for-stm32.7-2018-q2-update.win32_1.4.0.202007081208/tools/bin/../lib/gcc/arm-none-eabi/7.3.1/../../../../arm-none-eabi/lib/thumb/v7e-m/fpv5/hard\libc_nano.a(lib_a-lseekr.o)
 .ARM.attributes
                0x000000000000093d       0x1e d:/stm32cubeide/stm32cubeide/plugins/com.st.stm32cube.ide.mcu.externaltools.gnu-tools-for-stm32.7-2018-q2-update.win32_1.4.0.202007081208/tools/bin/../lib/gcc/arm-none-eabi/7.3.1/../../../../arm-none-eabi/lib/thumb/v7e-m/fpv5/hard\libc_nano.a(lib_a-memchr.o)
 .ARM.attributes
                0x000000000000095b       0x32 d:/stm32cubeide/stm32cubeide/plugins/com.st.stm32cube.ide.mcu.externaltools.gnu-tools-for-stm32.7-2018-q2-update.win32_1.4.0.202007081208/tools/bin/../lib/gcc/arm-none-eabi/7.3.1/../../../../arm-none-eabi/lib/thumb/v7e-m/fpv5/hard\libc_nano.a(lib_a-mlock.o)
 .ARM.attributes
                0x000000000000098d       0x32 d:/stm32cubeide/stm32cubeide/plugins/com.st.stm32cube.ide.mcu.externaltools.gnu-tools-for-stm32.7-2018-q2-update.win32_1.4.0.202007081208/tools/bin/../lib/gcc/arm-none-eabi/7.3.1/../../../../arm-none-eabi/lib/thumb/v7e-m/fpv5/hard\libc_nano.a(lib_a-readr.o)
 .ARM.attributes
                0x00000000000009bf       0x32 d:/stm32cubeide/stm32cubeide/plugins/com.st.stm32cube.ide.mcu.externaltools.gnu-tools-for-stm32.7-2018-q2-update.win32_1.4.0.202007081208/tools/bin/../lib/gcc/arm-none-eabi/7.3.1/../../../../arm-none-eabi/lib/thumb/v7e-m/fpv5/hard\libc_nano.a(lib_a-reent.o)
 .ARM.attributes
                0x00000000000009f1       0x20 d:/stm32cubeide/stm32cubeide/plugins/com.st.stm32cube.ide.mcu.externaltools.gnu-tools-for-stm32.7-2018-q2-update.win32_1.4.0.202007081208/tools/bin/../lib/gcc/arm-none-eabi/7.3.1/thumb/v7e-m/fpv5/hard\libgcc.a(_aeabi_uldivmod.o)
 .ARM.attributes
                0x0000000000000a11       0x32 d:/stm32cubeide/stm32cubeide/plugins/com.st.stm32cube.ide.mcu.externaltools.gnu-tools-for-stm32.7-2018-q2-update.win32_1.4.0.202007081208/tools/bin/../lib/gcc/arm-none-eabi/7.3.1/thumb/v7e-m/fpv5/hard\libgcc.a(_udivmoddi4.o)
 .ARM.attributes
                0x0000000000000a43       0x20 d:/stm32cubeide/stm32cubeide/plugins/com.st.stm32cube.ide.mcu.externaltools.gnu-tools-for-stm32.7-2018-q2-update.win32_1.4.0.202007081208/tools/bin/../lib/gcc/arm-none-eabi/7.3.1/thumb/v7e-m/fpv5/hard\libgcc.a(_dvmd_tls.o)
 .ARM.attributes
                0x0000000000000a63       0x20 d:/stm32cubeide/stm32cubeide/plugins/com.st.stm32cube.ide.mcu.externaltools.gnu-tools-for-stm32.7-2018-q2-update.win32_1.4.0.202007081208/tools/bin/../lib/gcc/arm-none-eabi/7.3.1/thumb/v7e-m/fpv5/hard/crtn.o
OUTPUT(H750_BOOT.elf elf32-littlearm)

.debug_info     0x0000000000000000    0x1b8e7
 .debug_info    0x0000000000000000     0x10ea APP/boot.o
 .debug_info    0x00000000000010ea      0xeff Core/Src/gpio.o
 .debug_info    0x0000000000001fe9     0x1db7 Core/Src/main.o
 .debug_info    0x0000000000003da0     0x15d9 Core/Src/quadspi.o
 .debug_info    0x0000000000005379      0xe8f Core/Src/stm32h7xx_hal_msp.o
 .debug_info    0x0000000000006208      0xb72 Core/Src/stm32h7xx_it.o
 .debug_info    0x0000000000006d7a      0xebd Core/Src/syscalls.o
 .debug_info    0x0000000000007c37      0x985 Core/Src/sysmem.o
 .debug_info    0x00000000000085bc     0x161d Core/Src/system_stm32h7xx.o
 .debug_info    0x0000000000009bd9     0x161e Core/Src/usart.o
 .debug_info    0x000000000000b1f7       0x22 Core/Startup/startup_stm32h750xbhx.o
 .debug_info    0x000000000000b219     0x15e2 Drivers/BSP/w25qxx.o
 .debug_info    0x000000000000c7fb     0x1e42 Drivers/STM32H7xx_HAL_Driver/Src/stm32h7xx_hal.o
 .debug_info    0x000000000000e63d     0x1ab6 Drivers/STM32H7xx_HAL_Driver/Src/stm32h7xx_hal_cortex.o
 .debug_info    0x00000000000100f3     0x1666 Drivers/STM32H7xx_HAL_Driver/Src/stm32h7xx_hal_gpio.o
 .debug_info    0x0000000000011759     0x1951 Drivers/STM32H7xx_HAL_Driver/Src/stm32h7xx_hal_pwr_ex.o
 .debug_info    0x00000000000130aa     0x1bec Drivers/STM32H7xx_HAL_Driver/Src/stm32h7xx_hal_qspi.o
 .debug_info    0x0000000000014c96     0x17c7 Drivers/STM32H7xx_HAL_Driver/Src/stm32h7xx_hal_rcc.o
 .debug_info    0x000000000001645d     0x1b37 Drivers/STM32H7xx_HAL_Driver/Src/stm32h7xx_hal_rcc_ex.o
 .debug_info    0x0000000000017f94     0x24aa Drivers/STM32H7xx_HAL_Driver/Src/stm32h7xx_hal_uart.o
 .debug_info    0x000000000001a43e     0x14a9 Drivers/STM32H7xx_HAL_Driver/Src/stm32h7xx_hal_uart_ex.o

.debug_abbrev   0x0000000000000000     0x312b
 .debug_abbrev  0x0000000000000000      0x216 APP/boot.o
 .debug_abbrev  0x0000000000000216      0x1f0 Core/Src/gpio.o
 .debug_abbrev  0x0000000000000406      0x260 Core/Src/main.o
 .debug_abbrev  0x0000000000000666      0x233 Core/Src/quadspi.o
 .debug_abbrev  0x0000000000000899      0x1e5 Core/Src/stm32h7xx_hal_msp.o
 .debug_abbrev  0x0000000000000a7e      0x1c9 Core/Src/stm32h7xx_it.o
 .debug_abbrev  0x0000000000000c47      0x261 Core/Src/syscalls.o
 .debug_abbrev  0x0000000000000ea8      0x19b Core/Src/sysmem.o
 .debug_abbrev  0x0000000000001043      0x22e Core/Src/system_stm32h7xx.o
 .debug_abbrev  0x0000000000001271      0x233 Core/Src/usart.o
 .debug_abbrev  0x00000000000014a4       0x12 Core/Startup/startup_stm32h750xbhx.o
 .debug_abbrev  0x00000000000014b6      0x2b4 Drivers/BSP/w25qxx.o
 .debug_abbrev  0x000000000000176a      0x2d9 Drivers/STM32H7xx_HAL_Driver/Src/stm32h7xx_hal.o
 .debug_abbrev  0x0000000000001a43      0x3b5 Drivers/STM32H7xx_HAL_Driver/Src/stm32h7xx_hal_cortex.o
 .debug_abbrev  0x0000000000001df8      0x28f Drivers/STM32H7xx_HAL_Driver/Src/stm32h7xx_hal_gpio.o
 .debug_abbrev  0x0000000000002087      0x311 Drivers/STM32H7xx_HAL_Driver/Src/stm32h7xx_hal_pwr_ex.o
 .debug_abbrev  0x0000000000002398      0x2ac Drivers/STM32H7xx_HAL_Driver/Src/stm32h7xx_hal_qspi.o
 .debug_abbrev  0x0000000000002644      0x2e2 Drivers/STM32H7xx_HAL_Driver/Src/stm32h7xx_hal_rcc.o
 .debug_abbrev  0x0000000000002926      0x2db Drivers/STM32H7xx_HAL_Driver/Src/stm32h7xx_hal_rcc_ex.o
 .debug_abbrev  0x0000000000002c01      0x2bb Drivers/STM32H7xx_HAL_Driver/Src/stm32h7xx_hal_uart.o
 .debug_abbrev  0x0000000000002ebc      0x26f Drivers/STM32H7xx_HAL_Driver/Src/stm32h7xx_hal_uart_ex.o

.debug_aranges  0x0000000000000000      0xd18
 .debug_aranges
                0x0000000000000000       0x20 APP/boot.o
 .debug_aranges
                0x0000000000000020       0x20 Core/Src/gpio.o
 .debug_aranges
                0x0000000000000040       0x38 Core/Src/main.o
 .debug_aranges
                0x0000000000000078       0x30 Core/Src/quadspi.o
 .debug_aranges
                0x00000000000000a8       0x20 Core/Src/stm32h7xx_hal_msp.o
 .debug_aranges
                0x00000000000000c8       0x60 Core/Src/stm32h7xx_it.o
 .debug_aranges
                0x0000000000000128       0xa8 Core/Src/syscalls.o
 .debug_aranges
                0x00000000000001d0       0x20 Core/Src/sysmem.o
 .debug_aranges
                0x00000000000001f0       0x28 Core/Src/system_stm32h7xx.o
 .debug_aranges
                0x0000000000000218       0x30 Core/Src/usart.o
 .debug_aranges
                0x0000000000000248       0x28 Core/Startup/startup_stm32h750xbhx.o
 .debug_aranges
                0x0000000000000270       0xa0 Drivers/BSP/w25qxx.o
 .debug_aranges
                0x0000000000000310      0x1b8 Drivers/STM32H7xx_HAL_Driver/Src/stm32h7xx_hal.o
 .debug_aranges
                0x00000000000004c8      0x120 Drivers/STM32H7xx_HAL_Driver/Src/stm32h7xx_hal_cortex.o
 .debug_aranges
                0x00000000000005e8       0x58 Drivers/STM32H7xx_HAL_Driver/Src/stm32h7xx_hal_gpio.o
 .debug_aranges
                0x0000000000000640      0x158 Drivers/STM32H7xx_HAL_Driver/Src/stm32h7xx_hal_pwr_ex.o
 .debug_aranges
                0x0000000000000798      0x148 Drivers/STM32H7xx_HAL_Driver/Src/stm32h7xx_hal_qspi.o
 .debug_aranges
                0x00000000000008e0       0x88 Drivers/STM32H7xx_HAL_Driver/Src/stm32h7xx_hal_rcc.o
 .debug_aranges
                0x0000000000000968       0xf8 Drivers/STM32H7xx_HAL_Driver/Src/stm32h7xx_hal_rcc_ex.o
 .debug_aranges
                0x0000000000000a60      0x230 Drivers/STM32H7xx_HAL_Driver/Src/stm32h7xx_hal_uart.o
 .debug_aranges
                0x0000000000000c90       0x88 Drivers/STM32H7xx_HAL_Driver/Src/stm32h7xx_hal_uart_ex.o

.debug_ranges   0x0000000000000000      0xbd0
 .debug_ranges  0x0000000000000000       0x10 APP/boot.o
 .debug_ranges  0x0000000000000010       0x10 Core/Src/gpio.o
 .debug_ranges  0x0000000000000020       0x28 Core/Src/main.o
 .debug_ranges  0x0000000000000048       0x20 Core/Src/quadspi.o
 .debug_ranges  0x0000000000000068       0x10 Core/Src/stm32h7xx_hal_msp.o
 .debug_ranges  0x0000000000000078       0x50 Core/Src/stm32h7xx_it.o
 .debug_ranges  0x00000000000000c8       0x98 Core/Src/syscalls.o
 .debug_ranges  0x0000000000000160       0x10 Core/Src/sysmem.o
 .debug_ranges  0x0000000000000170       0x18 Core/Src/system_stm32h7xx.o
 .debug_ranges  0x0000000000000188       0x20 Core/Src/usart.o
 .debug_ranges  0x00000000000001a8       0x20 Core/Startup/startup_stm32h750xbhx.o
 .debug_ranges  0x00000000000001c8       0x90 Drivers/BSP/w25qxx.o
 .debug_ranges  0x0000000000000258      0x1a8 Drivers/STM32H7xx_HAL_Driver/Src/stm32h7xx_hal.o
 .debug_ranges  0x0000000000000400      0x110 Drivers/STM32H7xx_HAL_Driver/Src/stm32h7xx_hal_cortex.o
 .debug_ranges  0x0000000000000510       0x48 Drivers/STM32H7xx_HAL_Driver/Src/stm32h7xx_hal_gpio.o
 .debug_ranges  0x0000000000000558      0x148 Drivers/STM32H7xx_HAL_Driver/Src/stm32h7xx_hal_pwr_ex.o
 .debug_ranges  0x00000000000006a0      0x138 Drivers/STM32H7xx_HAL_Driver/Src/stm32h7xx_hal_qspi.o
 .debug_ranges  0x00000000000007d8       0x78 Drivers/STM32H7xx_HAL_Driver/Src/stm32h7xx_hal_rcc.o
 .debug_ranges  0x0000000000000850       0xe8 Drivers/STM32H7xx_HAL_Driver/Src/stm32h7xx_hal_rcc_ex.o
 .debug_ranges  0x0000000000000938      0x220 Drivers/STM32H7xx_HAL_Driver/Src/stm32h7xx_hal_uart.o
 .debug_ranges  0x0000000000000b58       0x78 Drivers/STM32H7xx_HAL_Driver/Src/stm32h7xx_hal_uart_ex.o

.debug_macro    0x0000000000000000    0x37eb1
 .debug_macro   0x0000000000000000      0x387 APP/boot.o
 .debug_macro   0x0000000000000387      0xa66 APP/boot.o
 .debug_macro   0x0000000000000ded       0x22 APP/boot.o
 .debug_macro   0x0000000000000e0f       0x40 APP/boot.o
 .debug_macro   0x0000000000000e4f       0x17 APP/boot.o
 .debug_macro   0x0000000000000e66       0x94 APP/boot.o
 .debug_macro   0x0000000000000efa       0x3c APP/boot.o
 .debug_macro   0x0000000000000f36       0x34 APP/boot.o
 .debug_macro   0x0000000000000f6a       0x16 APP/boot.o
 .debug_macro   0x0000000000000f80       0x57 APP/boot.o
 .debug_macro   0x0000000000000fd7       0x97 APP/boot.o
 .debug_macro   0x000000000000106e      0x330 APP/boot.o
 .debug_macro   0x000000000000139e       0xfd APP/boot.o
 .debug_macro   0x000000000000149b       0x10 APP/boot.o
 .debug_macro   0x00000000000014ab       0x52 APP/boot.o
 .debug_macro   0x00000000000014fd       0x1f APP/boot.o
 .debug_macro   0x000000000000151c       0x43 APP/boot.o
 .debug_macro   0x000000000000155f       0x20 APP/boot.o
 .debug_macro   0x000000000000157f      0x1a3 APP/boot.o
 .debug_macro   0x0000000000001722       0x10 APP/boot.o
 .debug_macro   0x0000000000001732       0x6a APP/boot.o
 .debug_macro   0x000000000000179c       0x1c APP/boot.o
 .debug_macro   0x00000000000017b8       0x52 APP/boot.o
 .debug_macro   0x000000000000180a       0x40 APP/boot.o
 .debug_macro   0x000000000000184a       0x10 APP/boot.o
 .debug_macro   0x000000000000185a       0x40 APP/boot.o
 .debug_macro   0x000000000000189a       0xd7 APP/boot.o
 .debug_macro   0x0000000000001971       0x1c APP/boot.o
 .debug_macro   0x000000000000198d       0x3d APP/boot.o
 .debug_macro   0x00000000000019ca       0x16 APP/boot.o
 .debug_macro   0x00000000000019e0      0x145 APP/boot.o
 .debug_macro   0x0000000000001b25      0x238 APP/boot.o
 .debug_macro   0x0000000000001d5d       0x2e APP/boot.o
 .debug_macro   0x0000000000001d8b       0x3b APP/boot.o
 .debug_macro   0x0000000000001dc6       0xef APP/boot.o
 .debug_macro   0x0000000000001eb5      0x1df APP/boot.o
 .debug_macro   0x0000000000002094       0x1c APP/boot.o
 .debug_macro   0x00000000000020b0       0x22 APP/boot.o
 .debug_macro   0x00000000000020d2       0xd9 APP/boot.o
 .debug_macro   0x00000000000021ab     0x12cd APP/boot.o
 .debug_macro   0x0000000000003478      0x11f APP/boot.o
 .debug_macro   0x0000000000003597       0x19 APP/boot.o
 .debug_macro   0x00000000000035b0    0x259b2 APP/boot.o
 .debug_macro   0x0000000000028f62       0x43 APP/boot.o
 .debug_macro   0x0000000000028fa5     0x3cd3 APP/boot.o
 .debug_macro   0x000000000002cc78      0x1e1 APP/boot.o
 .debug_macro   0x000000000002ce59       0x54 APP/boot.o
 .debug_macro   0x000000000002cead     0x240e APP/boot.o
 .debug_macro   0x000000000002f2bb     0x1009 APP/boot.o
 .debug_macro   0x00000000000302c4      0x138 APP/boot.o
 .debug_macro   0x00000000000303fc      0x117 APP/boot.o
 .debug_macro   0x0000000000030513      0x3b2 APP/boot.o
 .debug_macro   0x00000000000308c5       0x27 APP/boot.o
 .debug_macro   0x00000000000308ec      0x72d APP/boot.o
 .debug_macro   0x0000000000031019      0x229 APP/boot.o
 .debug_macro   0x0000000000031242       0x66 APP/boot.o
 .debug_macro   0x00000000000312a8      0x3bb APP/boot.o
 .debug_macro   0x0000000000031663      0x3e5 APP/boot.o
 .debug_macro   0x0000000000031a48      0x275 APP/boot.o
 .debug_macro   0x0000000000031cbd      0x3cb APP/boot.o
 .debug_macro   0x0000000000032088      0x408 APP/boot.o
 .debug_macro   0x0000000000032490       0x3c APP/boot.o
 .debug_macro   0x00000000000324cc       0x4a APP/boot.o
 .debug_macro   0x0000000000032516      0x22c APP/boot.o
 .debug_macro   0x0000000000032742       0x64 APP/boot.o
 .debug_macro   0x00000000000327a6       0xa5 APP/boot.o
 .debug_macro   0x000000000003284b      0x1c5 APP/boot.o
 .debug_macro   0x0000000000032a10      0x25f APP/boot.o
 .debug_macro   0x0000000000032c6f       0x35 APP/boot.o
 .debug_macro   0x0000000000032ca4      0x2d4 APP/boot.o
 .debug_macro   0x0000000000032f78      0x662 APP/boot.o
 .debug_macro   0x00000000000335da       0xa6 APP/boot.o
 .debug_macro   0x0000000000033680      0x5a0 APP/boot.o
 .debug_macro   0x0000000000033c20      0x118 APP/boot.o
 .debug_macro   0x0000000000033d38      0x2a5 Core/Src/gpio.o
 .debug_macro   0x0000000000033fdd       0x8e Core/Src/gpio.o
 .debug_macro   0x000000000003406b       0x51 Core/Src/gpio.o
 .debug_macro   0x00000000000340bc       0xdf Core/Src/gpio.o
 .debug_macro   0x000000000003419b      0x174 Core/Src/gpio.o
 .debug_macro   0x000000000003430f       0x46 Core/Src/gpio.o
 .debug_macro   0x0000000000034355      0x32a Core/Src/gpio.o
 .debug_macro   0x000000000003467f      0x2c7 Core/Src/main.o
 .debug_macro   0x0000000000034946      0x2a5 Core/Src/quadspi.o
 .debug_macro   0x0000000000034beb      0x29b Core/Src/stm32h7xx_hal_msp.o
 .debug_macro   0x0000000000034e86      0x2a5 Core/Src/stm32h7xx_it.o
 .debug_macro   0x000000000003512b      0x243 Core/Src/syscalls.o
 .debug_macro   0x000000000003536e       0x10 Core/Src/syscalls.o
 .debug_macro   0x000000000003537e       0x35 Core/Src/syscalls.o
 .debug_macro   0x00000000000353b3       0x10 Core/Src/syscalls.o
 .debug_macro   0x00000000000353c3       0x10 Core/Src/syscalls.o
 .debug_macro   0x00000000000353d3       0x35 Core/Src/syscalls.o
 .debug_macro   0x0000000000035408      0x122 Core/Src/syscalls.o
 .debug_macro   0x000000000003552a       0x16 Core/Src/syscalls.o
 .debug_macro   0x0000000000035540       0x16 Core/Src/syscalls.o
 .debug_macro   0x0000000000035556       0x29 Core/Src/syscalls.o
 .debug_macro   0x000000000003557f       0x10 Core/Src/syscalls.o
 .debug_macro   0x000000000003558f      0x241 Core/Src/syscalls.o
 .debug_macro   0x00000000000357d0       0x1c Core/Src/syscalls.o
 .debug_macro   0x00000000000357ec       0x10 Core/Src/syscalls.o
 .debug_macro   0x00000000000357fc      0x189 Core/Src/syscalls.o
 .debug_macro   0x0000000000035985       0x16 Core/Src/syscalls.o
 .debug_macro   0x000000000003599b       0x88 Core/Src/syscalls.o
 .debug_macro   0x0000000000035a23       0xee Core/Src/sysmem.o
 .debug_macro   0x0000000000035b11      0x23b Core/Src/sysmem.o
 .debug_macro   0x0000000000035d4c      0x297 Core/Src/system_stm32h7xx.o
 .debug_macro   0x0000000000035fe3      0x2a5 Core/Src/usart.o
 .debug_macro   0x0000000000036288      0x2c2 Drivers/BSP/w25qxx.o
 .debug_macro   0x000000000003654a      0x112 Drivers/BSP/w25qxx.o
 .debug_macro   0x000000000003665c      0x2bb Drivers/STM32H7xx_HAL_Driver/Src/stm32h7xx_hal.o
 .debug_macro   0x0000000000036917      0x291 Drivers/STM32H7xx_HAL_Driver/Src/stm32h7xx_hal_cortex.o
 .debug_macro   0x0000000000036ba8      0x2cd Drivers/STM32H7xx_HAL_Driver/Src/stm32h7xx_hal_gpio.o
 .debug_macro   0x0000000000036e75      0x2ca Drivers/STM32H7xx_HAL_Driver/Src/stm32h7xx_hal_pwr_ex.o
 .debug_macro   0x000000000003713f      0x2b5 Drivers/STM32H7xx_HAL_Driver/Src/stm32h7xx_hal_qspi.o
 .debug_macro   0x00000000000373f4      0x2b5 Drivers/STM32H7xx_HAL_Driver/Src/stm32h7xx_hal_rcc.o
 .debug_macro   0x00000000000376a9      0x2af Drivers/STM32H7xx_HAL_Driver/Src/stm32h7xx_hal_rcc_ex.o
 .debug_macro   0x0000000000037958      0x2bc Drivers/STM32H7xx_HAL_Driver/Src/stm32h7xx_hal_uart.o
 .debug_macro   0x0000000000037c14      0x29d Drivers/STM32H7xx_HAL_Driver/Src/stm32h7xx_hal_uart_ex.o

.debug_line     0x0000000000000000     0xcefb
 .debug_line    0x0000000000000000      0x8e6 APP/boot.o
 .debug_line    0x00000000000008e6      0x801 Core/Src/gpio.o
 .debug_line    0x00000000000010e7      0x890 Core/Src/main.o
 .debug_line    0x0000000000001977      0x84d Core/Src/quadspi.o
 .debug_line    0x00000000000021c4      0x801 Core/Src/stm32h7xx_hal_msp.o
 .debug_line    0x00000000000029c5      0x8a6 Core/Src/stm32h7xx_it.o
 .debug_line    0x000000000000326b      0x711 Core/Src/syscalls.o
 .debug_line    0x000000000000397c      0x49a Core/Src/sysmem.o
 .debug_line    0x0000000000003e16      0x84d Core/Src/system_stm32h7xx.o
 .debug_line    0x0000000000004663      0x847 Core/Src/usart.o
 .debug_line    0x0000000000004eaa       0x87 Core/Startup/startup_stm32h750xbhx.o
 .debug_line    0x0000000000004f31      0xa95 Drivers/BSP/w25qxx.o
 .debug_line    0x00000000000059c6      0xbff Drivers/STM32H7xx_HAL_Driver/Src/stm32h7xx_hal.o
 .debug_line    0x00000000000065c5      0xb3e Drivers/STM32H7xx_HAL_Driver/Src/stm32h7xx_hal_cortex.o
 .debug_line    0x0000000000007103      0x9f9 Drivers/STM32H7xx_HAL_Driver/Src/stm32h7xx_hal_gpio.o
 .debug_line    0x0000000000007afc      0xbdb Drivers/STM32H7xx_HAL_Driver/Src/stm32h7xx_hal_pwr_ex.o
 .debug_line    0x00000000000086d7      0xdfd Drivers/STM32H7xx_HAL_Driver/Src/stm32h7xx_hal_qspi.o
 .debug_line    0x00000000000094d4      0xbe1 Drivers/STM32H7xx_HAL_Driver/Src/stm32h7xx_hal_rcc.o
 .debug_line    0x000000000000a0b5      0xe3f Drivers/STM32H7xx_HAL_Driver/Src/stm32h7xx_hal_rcc_ex.o
 .debug_line    0x000000000000aef4     0x1596 Drivers/STM32H7xx_HAL_Driver/Src/stm32h7xx_hal_uart.o
 .debug_line    0x000000000000c48a      0xa71 Drivers/STM32H7xx_HAL_Driver/Src/stm32h7xx_hal_uart_ex.o

.debug_str      0x0000000000000000   0x159dd2
 .debug_str     0x0000000000000000   0x15419c APP/boot.o
                                     0x154720 (size before relaxing)
 .debug_str     0x000000000015419c      0x264 Core/Src/gpio.o
                                     0x152dea (size before relaxing)
 .debug_str     0x0000000000154400      0x970 Core/Src/main.o
                                     0x153ae6 (size before relaxing)
 .debug_str     0x0000000000154d70       0xb8 Core/Src/quadspi.o
                                     0x15339b (size before relaxing)
 .debug_str     0x0000000000154e28       0x2c Core/Src/stm32h7xx_hal_msp.o
                                     0x152dec (size before relaxing)
 .debug_str     0x0000000000154e54       0xbd Core/Src/stm32h7xx_it.o
                                     0x152c53 (size before relaxing)
 .debug_str     0x0000000000154f11     0x11e5 Core/Src/syscalls.o
                                       0x889f (size before relaxing)
 .debug_str     0x00000000001560f6       0x6b Core/Src/sysmem.o
                                       0x5f6d (size before relaxing)
 .debug_str     0x0000000000156161      0x332 Core/Src/system_stm32h7xx.o
                                     0x1530fb (size before relaxing)
 .debug_str     0x0000000000156493       0x51 Core/Src/usart.o
                                     0x1533a7 (size before relaxing)
 .debug_str     0x00000000001564e4       0x36 Core/Startup/startup_stm32h750xbhx.o
                                         0x5b (size before relaxing)
 .debug_str     0x000000000015651a      0x2ee Drivers/BSP/w25qxx.o
                                     0x1537ce (size before relaxing)
 .debug_str     0x0000000000156808      0xf8a Drivers/STM32H7xx_HAL_Driver/Src/stm32h7xx_hal.o
                                     0x153f97 (size before relaxing)
 .debug_str     0x0000000000157792      0x3a8 Drivers/STM32H7xx_HAL_Driver/Src/stm32h7xx_hal_cortex.o
                                     0x153a22 (size before relaxing)
 .debug_str     0x0000000000157b3a      0x21b Drivers/STM32H7xx_HAL_Driver/Src/stm32h7xx_hal_gpio.o
                                     0x153197 (size before relaxing)
 .debug_str     0x0000000000157d55      0x638 Drivers/STM32H7xx_HAL_Driver/Src/stm32h7xx_hal_pwr_ex.o
                                     0x15355f (size before relaxing)
 .debug_str     0x000000000015838d      0x59c Drivers/STM32H7xx_HAL_Driver/Src/stm32h7xx_hal_qspi.o
                                     0x15378e (size before relaxing)
 .debug_str     0x0000000000158929      0x26c Drivers/STM32H7xx_HAL_Driver/Src/stm32h7xx_hal_rcc.o
                                     0x153426 (size before relaxing)
 .debug_str     0x0000000000158b95      0x665 Drivers/STM32H7xx_HAL_Driver/Src/stm32h7xx_hal_rcc_ex.o
                                     0x1538ec (size before relaxing)
 .debug_str     0x00000000001591fa      0x949 Drivers/STM32H7xx_HAL_Driver/Src/stm32h7xx_hal_uart.o
                                     0x153d4e (size before relaxing)
 .debug_str     0x0000000000159b43      0x28f Drivers/STM32H7xx_HAL_Driver/Src/stm32h7xx_hal_uart_ex.o
                                     0x153398 (size before relaxing)

.comment        0x0000000000000000       0x7b
 .comment       0x0000000000000000       0x7b APP/boot.o
                                         0x7c (size before relaxing)
 .comment       0x000000000000007b       0x7c Core/Src/gpio.o
 .comment       0x000000000000007b       0x7c Core/Src/main.o
 .comment       0x000000000000007b       0x7c Core/Src/quadspi.o
 .comment       0x000000000000007b       0x7c Core/Src/stm32h7xx_hal_msp.o
 .comment       0x000000000000007b       0x7c Core/Src/stm32h7xx_it.o
 .comment       0x000000000000007b       0x7c Core/Src/syscalls.o
 .comment       0x000000000000007b       0x7c Core/Src/sysmem.o
 .comment       0x000000000000007b       0x7c Core/Src/system_stm32h7xx.o
 .comment       0x000000000000007b       0x7c Core/Src/usart.o
 .comment       0x000000000000007b       0x7c Drivers/BSP/w25qxx.o
 .comment       0x000000000000007b       0x7c Drivers/STM32H7xx_HAL_Driver/Src/stm32h7xx_hal.o
 .comment       0x000000000000007b       0x7c Drivers/STM32H7xx_HAL_Driver/Src/stm32h7xx_hal_cortex.o
 .comment       0x000000000000007b       0x7c Drivers/STM32H7xx_HAL_Driver/Src/stm32h7xx_hal_gpio.o
 .comment       0x000000000000007b       0x7c Drivers/STM32H7xx_HAL_Driver/Src/stm32h7xx_hal_pwr_ex.o
 .comment       0x000000000000007b       0x7c Drivers/STM32H7xx_HAL_Driver/Src/stm32h7xx_hal_qspi.o
 .comment       0x000000000000007b       0x7c Drivers/STM32H7xx_HAL_Driver/Src/stm32h7xx_hal_rcc.o
 .comment       0x000000000000007b       0x7c Drivers/STM32H7xx_HAL_Driver/Src/stm32h7xx_hal_rcc_ex.o
 .comment       0x000000000000007b       0x7c Drivers/STM32H7xx_HAL_Driver/Src/stm32h7xx_hal_uart.o
 .comment       0x000000000000007b       0x7c Drivers/STM32H7xx_HAL_Driver/Src/stm32h7xx_hal_uart_ex.o

.debug_frame    0x0000000000000000     0x3b40
 .debug_frame   0x0000000000000000       0x34 APP/boot.o
 .debug_frame   0x0000000000000034       0x38 Core/Src/gpio.o
 .debug_frame   0x000000000000006c       0x98 Core/Src/main.o
 .debug_frame   0x0000000000000104       0x74 Core/Src/quadspi.o